C:\Users\juuce\.jdks\temurin-17.0.13\bin\java.exe -ea -javaagent:C:\Users\juuce\AppData\Local\JetBrains\IdeaIC2024.3\testAgent\intellij.platform.coverage.agent.jar=C:\Users\juuce\AppData\Local\Temp\coverage9args -Didea.coverage.calculate.hits=true -Didea.test.cyclic.buffer.size=1048576 "-javaagent:C:\Program Files (x86)\JetBrains\IntelliJ IDEA Community Edition 2024.2.3\lib\idea_rt.jar=51336:C:\Program Files (x86)\JetBrains\IntelliJ IDEA Community Edition 2024.2.3\bin" -javaagent:C:\Users\juuce\AppData\Local\JetBrains\IdeaIC2024.3\captureAgent\debugger-agent.jar -Dkotlinx.coroutines.debug.enable.creation.stack.trace=false -Ddebugger.agent.enable.coroutines=true -Dkotlinx.coroutines.debug.enable.flows.stack.trace=true -Dkotlinx.coroutines.debug.enable.mutable.state.flows.stack.trace=true -Dfile.encoding=UTF-8 -classpath "C:\Users\juuce\.m2\repository\org\junit\platform\junit-platform-launcher\1.9.3\junit-platform-launcher-1.9.3.jar;C:\Program Files (x86)\JetBrains\IntelliJ IDEA Community Edition 2024.2.3\lib\idea_rt.jar;C:\Program Files (x86)\JetBrains\IntelliJ IDEA Community Edition 2024.2.3\plugins\junit\lib\junit5-rt.jar;C:\Program Files (x86)\JetBrains\IntelliJ IDEA Community Edition 2024.2.3\plugins\junit\lib\junit-rt.jar;D:\github\Notepad_DV033G\target\test-classes;D:\github\Notepad_DV033G\target\classes;C:\Users\juuce\.m2\repository\org\assertj\assertj-swing-junit\3.17.1\assertj-swing-junit-3.17.1.jar;C:\Users\juuce\.m2\repository\org\assertj\assertj-swing\3.17.1\assertj-swing-3.17.1.jar;C:\Users\juuce\.m2\repository\org\assertj\assertj-core\3.17.2\assertj-core-3.17.2.jar;C:\Users\juuce\.m2\repository\org\easytesting\fest-util\1.2.5\fest-util-1.2.5.jar;C:\Users\juuce\.m2\repository\org\easytesting\fest-reflect\1.4.1\fest-reflect-1.4.1.jar;C:\Users\juuce\.m2\repository\org\junit\jupiter\junit-jupiter\5.9.3\junit-jupiter-5.9.3.jar;C:\Users\juuce\.m2\repository\org\junit\jupiter\junit-jupiter-api\5.9.3\junit-jupiter-api-5.9.3.jar;C:\Users\juuce\.m2\repository\org\opentest4j\opentest4j\1.2.0\opentest4j-1.2.0.jar;C:\Users\juuce\.m2\repository\org\junit\platform\junit-platform-commons\1.9.3\junit-platform-commons-1.9.3.jar;C:\Users\juuce\.m2\repository\org\apiguardian\apiguardian-api\1.1.2\apiguardian-api-1.1.2.jar;C:\Users\juuce\.m2\repository\org\junit\jupiter\junit-jupiter-params\5.9.3\junit-jupiter-params-5.9.3.jar;C:\Users\juuce\.m2\repository\org\junit\jupiter\junit-jupiter-engine\5.9.3\junit-jupiter-engine-5.9.3.jar;C:\Users\juuce\.m2\repository\org\junit\platform\junit-platform-engine\1.9.3\junit-platform-engine-1.9.3.jar;C:\Users\juuce\.m2\repository\org\mockito\mockito-core\5.8.0\mockito-core-5.8.0.jar;C:\Users\juuce\.m2\repository\net\bytebuddy\byte-buddy\1.14.10\byte-buddy-1.14.10.jar;C:\Users\juuce\.m2\repository\net\bytebuddy\byte-buddy-agent\1.14.10\byte-buddy-agent-1.14.10.jar;C:\Users\juuce\.m2\repository\org\objenesis\objenesis\3.3\objenesis-3.3.jar;C:\Users\juuce\.m2\repository\org\mockito\mockito-junit-jupiter\5.8.0\mockito-junit-jupiter-5.8.0.jar" com.intellij.rt.junit.JUnitStarter -ideVersion5 -junit5 com.example.AppTest
Headless mode: null
OpenJDK 64-Bit Server VM warning: Sharing is only supported for boot loader classes because bootstrap classpath has been appended
Dec 01, 2024 11:10:20 PM org.assertj.swing.monitor.ProtectingTimerTask handleException
WARNING: Exception thrown by a TimerTask
java.lang.reflect.InaccessibleObjectException: Unable to make field int java.util.TimerTask.state accessible: module java.base does not "opens java.util" to unnamed module @7cec9f40
	at java.base/java.lang.reflect.AccessibleObject.checkCanSetAccessible(AccessibleObject.java:354)
	at java.base/java.lang.reflect.AccessibleObject.checkCanSetAccessible(AccessibleObject.java:297)
	at java.base/java.lang.reflect.Field.checkCanSetAccessible(Field.java:178)
	at java.base/java.lang.reflect.Field.setAccessible(Field.java:172)
	at org.assertj.swing.dependency.fest_reflect.util.Accessibles$SetAccessibleAction.run(Accessibles.java:70)
	at org.assertj.swing.dependency.fest_reflect.util.Accessibles$SetAccessibleAction.run(Accessibles.java:60)
	at java.base/java.security.AccessController.doPrivileged(AccessController.java:318)
	at org.assertj.swing.dependency.fest_reflect.util.Accessibles.setAccessible(Accessibles.java:57)
	at org.assertj.swing.dependency.fest_reflect.util.Accessibles.makeAccessible(Accessibles.java:46)
	at org.assertj.swing.dependency.fest_reflect.field.Invoker.verifyCorrectType(Invoker.java:98)
	at org.assertj.swing.dependency.fest_reflect.field.Invoker.createInvoker(Invoker.java:74)
	at org.assertj.swing.dependency.fest_reflect.field.Invoker.newInvoker(Invoker.java:68)
	at org.assertj.swing.dependency.fest_reflect.field.FieldType.in(FieldType.java:74)
	at org.assertj.swing.monitor.ProtectingTimerTask.isCanceled(ProtectingTimerTask.java:54)
	at org.assertj.swing.monitor.ProtectingTimerTask.run(ProtectingTimerTask.java:41)
	at java.base/java.util.TimerThread.mainLoop(Timer.java:566)
	at java.base/java.util.TimerThread.run(Timer.java:516)

Dec 01, 2024 11:10:20 PM org.assertj.swing.monitor.ProtectingTimerTask handleException
WARNING: Exception thrown by a TimerTask
java.lang.reflect.InaccessibleObjectException: Unable to make field int java.util.TimerTask.state accessible: module java.base does not "opens java.util" to unnamed module @7cec9f40
	at java.base/java.lang.reflect.AccessibleObject.checkCanSetAccessible(AccessibleObject.java:354)
	at java.base/java.lang.reflect.AccessibleObject.checkCanSetAccessible(AccessibleObject.java:297)
	at java.base/java.lang.reflect.Field.checkCanSetAccessible(Field.java:178)
	at java.base/java.lang.reflect.Field.setAccessible(Field.java:172)
	at org.assertj.swing.dependency.fest_reflect.util.Accessibles$SetAccessibleAction.run(Accessibles.java:70)
	at org.assertj.swing.dependency.fest_reflect.util.Accessibles$SetAccessibleAction.run(Accessibles.java:60)
	at java.base/java.security.AccessController.doPrivileged(AccessController.java:318)
	at org.assertj.swing.dependency.fest_reflect.util.Accessibles.setAccessible(Accessibles.java:57)
	at org.assertj.swing.dependency.fest_reflect.util.Accessibles.makeAccessible(Accessibles.java:46)
	at org.assertj.swing.dependency.fest_reflect.field.Invoker.verifyCorrectType(Invoker.java:98)
	at org.assertj.swing.dependency.fest_reflect.field.Invoker.createInvoker(Invoker.java:74)
	at org.assertj.swing.dependency.fest_reflect.field.Invoker.newInvoker(Invoker.java:68)
	at org.assertj.swing.dependency.fest_reflect.field.FieldType.in(FieldType.java:74)
	at org.assertj.swing.monitor.ProtectingTimerTask.isCanceled(ProtectingTimerTask.java:54)
	at org.assertj.swing.monitor.ProtectingTimerTask.run(ProtectingTimerTask.java:41)
	at java.base/java.util.TimerThread.mainLoop(Timer.java:566)
	at java.base/java.util.TimerThread.run(Timer.java:516)

Dec 01, 2024 11:10:22 PM org.assertj.swing.monitor.ProtectingTimerTask handleException
WARNING: Exception thrown by a TimerTask
java.lang.reflect.InaccessibleObjectException: Unable to make field int java.util.TimerTask.state accessible: module java.base does not "opens java.util" to unnamed module @7cec9f40
	at java.base/java.lang.reflect.AccessibleObject.checkCanSetAccessible(AccessibleObject.java:354)
	at java.base/java.lang.reflect.AccessibleObject.checkCanSetAccessible(AccessibleObject.java:297)
	at java.base/java.lang.reflect.Field.checkCanSetAccessible(Field.java:178)
	at java.base/java.lang.reflect.Field.setAccessible(Field.java:172)
	at org.assertj.swing.dependency.fest_reflect.util.Accessibles$SetAccessibleAction.run(Accessibles.java:70)
	at org.assertj.swing.dependency.fest_reflect.util.Accessibles$SetAccessibleAction.run(Accessibles.java:60)
	at java.base/java.security.AccessController.doPrivileged(AccessController.java:318)
	at org.assertj.swing.dependency.fest_reflect.util.Accessibles.setAccessible(Accessibles.java:57)
	at org.assertj.swing.dependency.fest_reflect.util.Accessibles.makeAccessible(Accessibles.java:46)
	at org.assertj.swing.dependency.fest_reflect.field.Invoker.verifyCorrectType(Invoker.java:98)
	at org.assertj.swing.dependency.fest_reflect.field.Invoker.createInvoker(Invoker.java:74)
	at org.assertj.swing.dependency.fest_reflect.field.Invoker.newInvoker(Invoker.java:68)
	at org.assertj.swing.dependency.fest_reflect.field.FieldType.in(FieldType.java:74)
	at org.assertj.swing.monitor.ProtectingTimerTask.isCanceled(ProtectingTimerTask.java:54)
	at org.assertj.swing.monitor.ProtectingTimerTask.run(ProtectingTimerTask.java:41)
	at java.base/java.util.TimerThread.mainLoop(Timer.java:566)
	at java.base/java.util.TimerThread.run(Timer.java:516)

Dec 01, 2024 11:10:22 PM org.assertj.swing.monitor.ProtectingTimerTask handleException
WARNING: Exception thrown by a TimerTask
java.lang.reflect.InaccessibleObjectException: Unable to make field int java.util.TimerTask.state accessible: module java.base does not "opens java.util" to unnamed module @7cec9f40
	at java.base/java.lang.reflect.AccessibleObject.checkCanSetAccessible(AccessibleObject.java:354)
	at java.base/java.lang.reflect.AccessibleObject.checkCanSetAccessible(AccessibleObject.java:297)
	at java.base/java.lang.reflect.Field.checkCanSetAccessible(Field.java:178)
	at java.base/java.lang.reflect.Field.setAccessible(Field.java:172)
	at org.assertj.swing.dependency.fest_reflect.util.Accessibles$SetAccessibleAction.run(Accessibles.java:70)
	at org.assertj.swing.dependency.fest_reflect.util.Accessibles$SetAccessibleAction.run(Accessibles.java:60)
	at java.base/java.security.AccessController.doPrivileged(AccessController.java:318)
	at org.assertj.swing.dependency.fest_reflect.util.Accessibles.setAccessible(Accessibles.java:57)
	at org.assertj.swing.dependency.fest_reflect.util.Accessibles.makeAccessible(Accessibles.java:46)
	at org.assertj.swing.dependency.fest_reflect.field.Invoker.verifyCorrectType(Invoker.java:98)
	at org.assertj.swing.dependency.fest_reflect.field.Invoker.createInvoker(Invoker.java:74)
	at org.assertj.swing.dependency.fest_reflect.field.Invoker.newInvoker(Invoker.java:68)
	at org.assertj.swing.dependency.fest_reflect.field.FieldType.in(FieldType.java:74)
	at org.assertj.swing.monitor.ProtectingTimerTask.isCanceled(ProtectingTimerTask.java:54)
	at org.assertj.swing.monitor.ProtectingTimerTask.run(ProtectingTimerTask.java:41)
	at java.base/java.util.TimerThread.mainLoop(Timer.java:566)
	at java.base/java.util.TimerThread.run(Timer.java:516)

Dec 01, 2024 11:10:22 PM org.assertj.swing.monitor.ProtectingTimerTask handleException
WARNING: Exception thrown by a TimerTask
java.lang.reflect.InaccessibleObjectException: Unable to make field int java.util.TimerTask.state accessible: module java.base does not "opens java.util" to unnamed module @7cec9f40
	at java.base/java.lang.reflect.AccessibleObject.checkCanSetAccessible(AccessibleObject.java:354)
	at java.base/java.lang.reflect.AccessibleObject.checkCanSetAccessible(AccessibleObject.java:297)
	at java.base/java.lang.reflect.Field.checkCanSetAccessible(Field.java:178)
	at java.base/java.lang.reflect.Field.setAccessible(Field.java:172)
	at org.assertj.swing.dependency.fest_reflect.util.Accessibles$SetAccessibleAction.run(Accessibles.java:70)
	at org.assertj.swing.dependency.fest_reflect.util.Accessibles$SetAccessibleAction.run(Accessibles.java:60)
	at java.base/java.security.AccessController.doPrivileged(AccessController.java:318)
	at org.assertj.swing.dependency.fest_reflect.util.Accessibles.setAccessible(Accessibles.java:57)
	at org.assertj.swing.dependency.fest_reflect.util.Accessibles.makeAccessible(Accessibles.java:46)
	at org.assertj.swing.dependency.fest_reflect.field.Invoker.verifyCorrectType(Invoker.java:98)
	at org.assertj.swing.dependency.fest_reflect.field.Invoker.createInvoker(Invoker.java:74)
	at org.assertj.swing.dependency.fest_reflect.field.Invoker.newInvoker(Invoker.java:68)
	at org.assertj.swing.dependency.fest_reflect.field.FieldType.in(FieldType.java:74)
	at org.assertj.swing.monitor.ProtectingTimerTask.isCanceled(ProtectingTimerTask.java:54)
	at org.assertj.swing.monitor.ProtectingTimerTask.run(ProtectingTimerTask.java:41)
	at java.base/java.util.TimerThread.mainLoop(Timer.java:566)
	at java.base/java.util.TimerThread.run(Timer.java:516)

Dec 01, 2024 11:10:22 PM org.assertj.swing.monitor.ProtectingTimerTask handleException
WARNING: Exception thrown by a TimerTask
java.lang.reflect.InaccessibleObjectException: Unable to make field int java.util.TimerTask.state accessible: module java.base does not "opens java.util" to unnamed module @7cec9f40
	at java.base/java.lang.reflect.AccessibleObject.checkCanSetAccessible(AccessibleObject.java:354)
	at java.base/java.lang.reflect.AccessibleObject.checkCanSetAccessible(AccessibleObject.java:297)
	at java.base/java.lang.reflect.Field.checkCanSetAccessible(Field.java:178)
	at java.base/java.lang.reflect.Field.setAccessible(Field.java:172)
	at org.assertj.swing.dependency.fest_reflect.util.Accessibles$SetAccessibleAction.run(Accessibles.java:70)
	at org.assertj.swing.dependency.fest_reflect.util.Accessibles$SetAccessibleAction.run(Accessibles.java:60)
	at java.base/java.security.AccessController.doPrivileged(AccessController.java:318)
	at org.assertj.swing.dependency.fest_reflect.util.Accessibles.setAccessible(Accessibles.java:57)
	at org.assertj.swing.dependency.fest_reflect.util.Accessibles.makeAccessible(Accessibles.java:46)
	at org.assertj.swing.dependency.fest_reflect.field.Invoker.verifyCorrectType(Invoker.java:98)
	at org.assertj.swing.dependency.fest_reflect.field.Invoker.createInvoker(Invoker.java:74)
	at org.assertj.swing.dependency.fest_reflect.field.Invoker.newInvoker(Invoker.java:68)
	at org.assertj.swing.dependency.fest_reflect.field.FieldType.in(FieldType.java:74)
	at org.assertj.swing.monitor.ProtectingTimerTask.isCanceled(ProtectingTimerTask.java:54)
	at org.assertj.swing.monitor.ProtectingTimerTask.run(ProtectingTimerTask.java:41)
	at java.base/java.util.TimerThread.mainLoop(Timer.java:566)
	at java.base/java.util.TimerThread.run(Timer.java:516)

Dec 01, 2024 11:10:23 PM org.assertj.swing.monitor.ProtectingTimerTask handleException
WARNING: Exception thrown by a TimerTask
java.lang.reflect.InaccessibleObjectException: Unable to make field int java.util.TimerTask.state accessible: module java.base does not "opens java.util" to unnamed module @7cec9f40
	at java.base/java.lang.reflect.AccessibleObject.checkCanSetAccessible(AccessibleObject.java:354)
	at java.base/java.lang.reflect.AccessibleObject.checkCanSetAccessible(AccessibleObject.java:297)
	at java.base/java.lang.reflect.Field.checkCanSetAccessible(Field.java:178)
	at java.base/java.lang.reflect.Field.setAccessible(Field.java:172)
	at org.assertj.swing.dependency.fest_reflect.util.Accessibles$SetAccessibleAction.run(Accessibles.java:70)
	at org.assertj.swing.dependency.fest_reflect.util.Accessibles$SetAccessibleAction.run(Accessibles.java:60)
	at java.base/java.security.AccessController.doPrivileged(AccessController.java:318)
	at org.assertj.swing.dependency.fest_reflect.util.Accessibles.setAccessible(Accessibles.java:57)
	at org.assertj.swing.dependency.fest_reflect.util.Accessibles.makeAccessible(Accessibles.java:46)
	at org.assertj.swing.dependency.fest_reflect.field.Invoker.verifyCorrectType(Invoker.java:98)
	at org.assertj.swing.dependency.fest_reflect.field.Invoker.createInvoker(Invoker.java:74)
	at org.assertj.swing.dependency.fest_reflect.field.Invoker.newInvoker(Invoker.java:68)
	at org.assertj.swing.dependency.fest_reflect.field.FieldType.in(FieldType.java:74)
	at org.assertj.swing.monitor.ProtectingTimerTask.isCanceled(ProtectingTimerTask.java:54)
	at org.assertj.swing.monitor.ProtectingTimerTask.run(ProtectingTimerTask.java:41)
	at java.base/java.util.TimerThread.mainLoop(Timer.java:566)
	at java.base/java.util.TimerThread.run(Timer.java:516)

Dec 01, 2024 11:10:23 PM org.assertj.swing.monitor.ProtectingTimerTask handleException
WARNING: Exception thrown by a TimerTask
java.lang.reflect.InaccessibleObjectException: Unable to make field int java.util.TimerTask.state accessible: module java.base does not "opens java.util" to unnamed module @7cec9f40
	at java.base/java.lang.reflect.AccessibleObject.checkCanSetAccessible(AccessibleObject.java:354)
	at java.base/java.lang.reflect.AccessibleObject.checkCanSetAccessible(AccessibleObject.java:297)
	at java.base/java.lang.reflect.Field.checkCanSetAccessible(Field.java:178)
	at java.base/java.lang.reflect.Field.setAccessible(Field.java:172)
	at org.assertj.swing.dependency.fest_reflect.util.Accessibles$SetAccessibleAction.run(Accessibles.java:70)
	at org.assertj.swing.dependency.fest_reflect.util.Accessibles$SetAccessibleAction.run(Accessibles.java:60)
	at java.base/java.security.AccessController.doPrivileged(AccessController.java:318)
	at org.assertj.swing.dependency.fest_reflect.util.Accessibles.setAccessible(Accessibles.java:57)
	at org.assertj.swing.dependency.fest_reflect.util.Accessibles.makeAccessible(Accessibles.java:46)
	at org.assertj.swing.dependency.fest_reflect.field.Invoker.verifyCorrectType(Invoker.java:98)
	at org.assertj.swing.dependency.fest_reflect.field.Invoker.createInvoker(Invoker.java:74)
	at org.assertj.swing.dependency.fest_reflect.field.Invoker.newInvoker(Invoker.java:68)
	at org.assertj.swing.dependency.fest_reflect.field.FieldType.in(FieldType.java:74)
	at org.assertj.swing.monitor.ProtectingTimerTask.isCanceled(ProtectingTimerTask.java:54)
	at org.assertj.swing.monitor.ProtectingTimerTask.run(ProtectingTimerTask.java:41)
	at java.base/java.util.TimerThread.mainLoop(Timer.java:566)
	at java.base/java.util.TimerThread.run(Timer.java:516)

Dec 01, 2024 11:10:23 PM org.assertj.swing.monitor.ProtectingTimerTask handleException
WARNING: Exception thrown by a TimerTask
java.lang.reflect.InaccessibleObjectException: Unable to make field int java.util.TimerTask.state accessible: module java.base does not "opens java.util" to unnamed module @7cec9f40
	at java.base/java.lang.reflect.AccessibleObject.checkCanSetAccessible(AccessibleObject.java:354)
	at java.base/java.lang.reflect.AccessibleObject.checkCanSetAccessible(AccessibleObject.java:297)
	at java.base/java.lang.reflect.Field.checkCanSetAccessible(Field.java:178)
	at java.base/java.lang.reflect.Field.setAccessible(Field.java:172)
	at org.assertj.swing.dependency.fest_reflect.util.Accessibles$SetAccessibleAction.run(Accessibles.java:70)
	at org.assertj.swing.dependency.fest_reflect.util.Accessibles$SetAccessibleAction.run(Accessibles.java:60)
	at java.base/java.security.AccessController.doPrivileged(AccessController.java:318)
	at org.assertj.swing.dependency.fest_reflect.util.Accessibles.setAccessible(Accessibles.java:57)
	at org.assertj.swing.dependency.fest_reflect.util.Accessibles.makeAccessible(Accessibles.java:46)
	at org.assertj.swing.dependency.fest_reflect.field.Invoker.verifyCorrectType(Invoker.java:98)
	at org.assertj.swing.dependency.fest_reflect.field.Invoker.createInvoker(Invoker.java:74)
	at org.assertj.swing.dependency.fest_reflect.field.Invoker.newInvoker(Invoker.java:68)
	at org.assertj.swing.dependency.fest_reflect.field.FieldType.in(FieldType.java:74)
	at org.assertj.swing.monitor.ProtectingTimerTask.isCanceled(ProtectingTimerTask.java:54)
	at org.assertj.swing.monitor.ProtectingTimerTask.run(ProtectingTimerTask.java:41)
	at java.base/java.util.TimerThread.mainLoop(Timer.java:566)
	at java.base/java.util.TimerThread.run(Timer.java:516)

Dec 01, 2024 11:10:23 PM org.assertj.swing.monitor.ProtectingTimerTask handleException
WARNING: Exception thrown by a TimerTask
java.lang.reflect.InaccessibleObjectException: Unable to make field int java.util.TimerTask.state accessible: module java.base does not "opens java.util" to unnamed module @7cec9f40
	at java.base/java.lang.reflect.AccessibleObject.checkCanSetAccessible(AccessibleObject.java:354)
	at java.base/java.lang.reflect.AccessibleObject.checkCanSetAccessible(AccessibleObject.java:297)
	at java.base/java.lang.reflect.Field.checkCanSetAccessible(Field.java:178)
	at java.base/java.lang.reflect.Field.setAccessible(Field.java:172)
	at org.assertj.swing.dependency.fest_reflect.util.Accessibles$SetAccessibleAction.run(Accessibles.java:70)
	at org.assertj.swing.dependency.fest_reflect.util.Accessibles$SetAccessibleAction.run(Accessibles.java:60)
	at java.base/java.security.AccessController.doPrivileged(AccessController.java:318)
	at org.assertj.swing.dependency.fest_reflect.util.Accessibles.setAccessible(Accessibles.java:57)
	at org.assertj.swing.dependency.fest_reflect.util.Accessibles.makeAccessible(Accessibles.java:46)
	at org.assertj.swing.dependency.fest_reflect.field.Invoker.verifyCorrectType(Invoker.java:98)
	at org.assertj.swing.dependency.fest_reflect.field.Invoker.createInvoker(Invoker.java:74)
	at org.assertj.swing.dependency.fest_reflect.field.Invoker.newInvoker(Invoker.java:68)
	at org.assertj.swing.dependency.fest_reflect.field.FieldType.in(FieldType.java:74)
	at org.assertj.swing.monitor.ProtectingTimerTask.isCanceled(ProtectingTimerTask.java:54)
	at org.assertj.swing.monitor.ProtectingTimerTask.run(ProtectingTimerTask.java:41)
	at java.base/java.util.TimerThread.mainLoop(Timer.java:566)
	at java.base/java.util.TimerThread.run(Timer.java:516)

Dec 01, 2024 11:10:23 PM org.assertj.swing.monitor.ProtectingTimerTask handleException
WARNING: Exception thrown by a TimerTask
java.lang.reflect.InaccessibleObjectException: Unable to make field int java.util.TimerTask.state accessible: module java.base does not "opens java.util" to unnamed module @7cec9f40
	at java.base/java.lang.reflect.AccessibleObject.checkCanSetAccessible(AccessibleObject.java:354)
	at java.base/java.lang.reflect.AccessibleObject.checkCanSetAccessible(AccessibleObject.java:297)
	at java.base/java.lang.reflect.Field.checkCanSetAccessible(Field.java:178)
	at java.base/java.lang.reflect.Field.setAccessible(Field.java:172)
	at org.assertj.swing.dependency.fest_reflect.util.Accessibles$SetAccessibleAction.run(Accessibles.java:70)
	at org.assertj.swing.dependency.fest_reflect.util.Accessibles$SetAccessibleAction.run(Accessibles.java:60)
	at java.base/java.security.AccessController.doPrivileged(AccessController.java:318)
	at org.assertj.swing.dependency.fest_reflect.util.Accessibles.setAccessible(Accessibles.java:57)
	at org.assertj.swing.dependency.fest_reflect.util.Accessibles.makeAccessible(Accessibles.java:46)
	at org.assertj.swing.dependency.fest_reflect.field.Invoker.verifyCorrectType(Invoker.java:98)
	at org.assertj.swing.dependency.fest_reflect.field.Invoker.createInvoker(Invoker.java:74)
	at org.assertj.swing.dependency.fest_reflect.field.Invoker.newInvoker(Invoker.java:68)
	at org.assertj.swing.dependency.fest_reflect.field.FieldType.in(FieldType.java:74)
	at org.assertj.swing.monitor.ProtectingTimerTask.isCanceled(ProtectingTimerTask.java:54)
	at org.assertj.swing.monitor.ProtectingTimerTask.run(ProtectingTimerTask.java:41)
	at java.base/java.util.TimerThread.mainLoop(Timer.java:566)
	at java.base/java.util.TimerThread.run(Timer.java:516)

Dec 01, 2024 11:10:23 PM org.assertj.swing.monitor.ProtectingTimerTask handleException
WARNING: Exception thrown by a TimerTask
java.lang.reflect.InaccessibleObjectException: Unable to make field int java.util.TimerTask.state accessible: module java.base does not "opens java.util" to unnamed module @7cec9f40
	at java.base/java.lang.reflect.AccessibleObject.checkCanSetAccessible(AccessibleObject.java:354)
	at java.base/java.lang.reflect.AccessibleObject.checkCanSetAccessible(AccessibleObject.java:297)
	at java.base/java.lang.reflect.Field.checkCanSetAccessible(Field.java:178)
	at java.base/java.lang.reflect.Field.setAccessible(Field.java:172)
	at org.assertj.swing.dependency.fest_reflect.util.Accessibles$SetAccessibleAction.run(Accessibles.java:70)
	at org.assertj.swing.dependency.fest_reflect.util.Accessibles$SetAccessibleAction.run(Accessibles.java:60)
	at java.base/java.security.AccessController.doPrivileged(AccessController.java:318)
	at org.assertj.swing.dependency.fest_reflect.util.Accessibles.setAccessible(Accessibles.java:57)
	at org.assertj.swing.dependency.fest_reflect.util.Accessibles.makeAccessible(Accessibles.java:46)
	at org.assertj.swing.dependency.fest_reflect.field.Invoker.verifyCorrectType(Invoker.java:98)
	at org.assertj.swing.dependency.fest_reflect.field.Invoker.createInvoker(Invoker.java:74)
	at org.assertj.swing.dependency.fest_reflect.field.Invoker.newInvoker(Invoker.java:68)
	at org.assertj.swing.dependency.fest_reflect.field.FieldType.in(FieldType.java:74)
	at org.assertj.swing.monitor.ProtectingTimerTask.isCanceled(ProtectingTimerTask.java:54)
	at org.assertj.swing.monitor.ProtectingTimerTask.run(ProtectingTimerTask.java:41)
	at java.base/java.util.TimerThread.mainLoop(Timer.java:566)
	at java.base/java.util.TimerThread.run(Timer.java:516)

Dec 01, 2024 11:10:23 PM org.assertj.swing.monitor.ProtectingTimerTask handleException
WARNING: Exception thrown by a TimerTask
java.lang.reflect.InaccessibleObjectException: Unable to make field int java.util.TimerTask.state accessible: module java.base does not "opens java.util" to unnamed module @7cec9f40
	at java.base/java.lang.reflect.AccessibleObject.checkCanSetAccessible(AccessibleObject.java:354)
	at java.base/java.lang.reflect.AccessibleObject.checkCanSetAccessible(AccessibleObject.java:297)
	at java.base/java.lang.reflect.Field.checkCanSetAccessible(Field.java:178)
	at java.base/java.lang.reflect.Field.setAccessible(Field.java:172)
	at org.assertj.swing.dependency.fest_reflect.util.Accessibles$SetAccessibleAction.run(Accessibles.java:70)
	at org.assertj.swing.dependency.fest_reflect.util.Accessibles$SetAccessibleAction.run(Accessibles.java:60)
	at java.base/java.security.AccessController.doPrivileged(AccessController.java:318)
	at org.assertj.swing.dependency.fest_reflect.util.Accessibles.setAccessible(Accessibles.java:57)
	at org.assertj.swing.dependency.fest_reflect.util.Accessibles.makeAccessible(Accessibles.java:46)
	at org.assertj.swing.dependency.fest_reflect.field.Invoker.verifyCorrectType(Invoker.java:98)
	at org.assertj.swing.dependency.fest_reflect.field.Invoker.createInvoker(Invoker.java:74)
	at org.assertj.swing.dependency.fest_reflect.field.Invoker.newInvoker(Invoker.java:68)
	at org.assertj.swing.dependency.fest_reflect.field.FieldType.in(FieldType.java:74)
	at org.assertj.swing.monitor.ProtectingTimerTask.isCanceled(ProtectingTimerTask.java:54)
	at org.assertj.swing.monitor.ProtectingTimerTask.run(ProtectingTimerTask.java:41)
	at java.base/java.util.TimerThread.mainLoop(Timer.java:566)
	at java.base/java.util.TimerThread.run(Timer.java:516)

Dec 01, 2024 11:10:23 PM org.assertj.swing.monitor.ProtectingTimerTask handleException
WARNING: Exception thrown by a TimerTask
java.lang.reflect.InaccessibleObjectException: Unable to make field int java.util.TimerTask.state accessible: module java.base does not "opens java.util" to unnamed module @7cec9f40
	at java.base/java.lang.reflect.AccessibleObject.checkCanSetAccessible(AccessibleObject.java:354)
	at java.base/java.lang.reflect.AccessibleObject.checkCanSetAccessible(AccessibleObject.java:297)
	at java.base/java.lang.reflect.Field.checkCanSetAccessible(Field.java:178)
	at java.base/java.lang.reflect.Field.setAccessible(Field.java:172)
	at org.assertj.swing.dependency.fest_reflect.util.Accessibles$SetAccessibleAction.run(Accessibles.java:70)
	at org.assertj.swing.dependency.fest_reflect.util.Accessibles$SetAccessibleAction.run(Accessibles.java:60)
	at java.base/java.security.AccessController.doPrivileged(AccessController.java:318)
	at org.assertj.swing.dependency.fest_reflect.util.Accessibles.setAccessible(Accessibles.java:57)
	at org.assertj.swing.dependency.fest_reflect.util.Accessibles.makeAccessible(Accessibles.java:46)
	at org.assertj.swing.dependency.fest_reflect.field.Invoker.verifyCorrectType(Invoker.java:98)
	at org.assertj.swing.dependency.fest_reflect.field.Invoker.createInvoker(Invoker.java:74)
	at org.assertj.swing.dependency.fest_reflect.field.Invoker.newInvoker(Invoker.java:68)
	at org.assertj.swing.dependency.fest_reflect.field.FieldType.in(FieldType.java:74)
	at org.assertj.swing.monitor.ProtectingTimerTask.isCanceled(ProtectingTimerTask.java:54)
	at org.assertj.swing.monitor.ProtectingTimerTask.run(ProtectingTimerTask.java:41)
	at java.base/java.util.TimerThread.mainLoop(Timer.java:566)
	at java.base/java.util.TimerThread.run(Timer.java:516)

Dec 01, 2024 11:10:23 PM org.assertj.swing.monitor.ProtectingTimerTask handleException
WARNING: Exception thrown by a TimerTask
java.lang.reflect.InaccessibleObjectException: Unable to make field int java.util.TimerTask.state accessible: module java.base does not "opens java.util" to unnamed module @7cec9f40
	at java.base/java.lang.reflect.AccessibleObject.checkCanSetAccessible(AccessibleObject.java:354)
	at java.base/java.lang.reflect.AccessibleObject.checkCanSetAccessible(AccessibleObject.java:297)
	at java.base/java.lang.reflect.Field.checkCanSetAccessible(Field.java:178)
	at java.base/java.lang.reflect.Field.setAccessible(Field.java:172)
	at org.assertj.swing.dependency.fest_reflect.util.Accessibles$SetAccessibleAction.run(Accessibles.java:70)
	at org.assertj.swing.dependency.fest_reflect.util.Accessibles$SetAccessibleAction.run(Accessibles.java:60)
	at java.base/java.security.AccessController.doPrivileged(AccessController.java:318)
	at org.assertj.swing.dependency.fest_reflect.util.Accessibles.setAccessible(Accessibles.java:57)
	at org.assertj.swing.dependency.fest_reflect.util.Accessibles.makeAccessible(Accessibles.java:46)
	at org.assertj.swing.dependency.fest_reflect.field.Invoker.verifyCorrectType(Invoker.java:98)
	at org.assertj.swing.dependency.fest_reflect.field.Invoker.createInvoker(Invoker.java:74)
	at org.assertj.swing.dependency.fest_reflect.field.Invoker.newInvoker(Invoker.java:68)
	at org.assertj.swing.dependency.fest_reflect.field.FieldType.in(FieldType.java:74)
	at org.assertj.swing.monitor.ProtectingTimerTask.isCanceled(ProtectingTimerTask.java:54)
	at org.assertj.swing.monitor.ProtectingTimerTask.run(ProtectingTimerTask.java:41)
	at java.base/java.util.TimerThread.mainLoop(Timer.java:566)
	at java.base/java.util.TimerThread.run(Timer.java:516)

Dec 01, 2024 11:10:25 PM org.assertj.swing.monitor.ProtectingTimerTask handleException
WARNING: Exception thrown by a TimerTask
java.lang.reflect.InaccessibleObjectException: Unable to make field int java.util.TimerTask.state accessible: module java.base does not "opens java.util" to unnamed module @7cec9f40
	at java.base/java.lang.reflect.AccessibleObject.checkCanSetAccessible(AccessibleObject.java:354)
	at java.base/java.lang.reflect.AccessibleObject.checkCanSetAccessible(AccessibleObject.java:297)
	at java.base/java.lang.reflect.Field.checkCanSetAccessible(Field.java:178)
	at java.base/java.lang.reflect.Field.setAccessible(Field.java:172)
	at org.assertj.swing.dependency.fest_reflect.util.Accessibles$SetAccessibleAction.run(Accessibles.java:70)
	at org.assertj.swing.dependency.fest_reflect.util.Accessibles$SetAccessibleAction.run(Accessibles.java:60)
	at java.base/java.security.AccessController.doPrivileged(AccessController.java:318)
	at org.assertj.swing.dependency.fest_reflect.util.Accessibles.setAccessible(Accessibles.java:57)
	at org.assertj.swing.dependency.fest_reflect.util.Accessibles.makeAccessible(Accessibles.java:46)
	at org.assertj.swing.dependency.fest_reflect.field.Invoker.verifyCorrectType(Invoker.java:98)
	at org.assertj.swing.dependency.fest_reflect.field.Invoker.createInvoker(Invoker.java:74)
	at org.assertj.swing.dependency.fest_reflect.field.Invoker.newInvoker(Invoker.java:68)
	at org.assertj.swing.dependency.fest_reflect.field.FieldType.in(FieldType.java:74)
	at org.assertj.swing.monitor.ProtectingTimerTask.isCanceled(ProtectingTimerTask.java:54)
	at org.assertj.swing.monitor.ProtectingTimerTask.run(ProtectingTimerTask.java:41)
	at java.base/java.util.TimerThread.mainLoop(Timer.java:566)
	at java.base/java.util.TimerThread.run(Timer.java:516)

Dec 01, 2024 11:10:25 PM org.assertj.swing.monitor.ProtectingTimerTask handleException
WARNING: Exception thrown by a TimerTask
java.lang.reflect.InaccessibleObjectException: Unable to make field int java.util.TimerTask.state accessible: module java.base does not "opens java.util" to unnamed module @7cec9f40
	at java.base/java.lang.reflect.AccessibleObject.checkCanSetAccessible(AccessibleObject.java:354)
	at java.base/java.lang.reflect.AccessibleObject.checkCanSetAccessible(AccessibleObject.java:297)
	at java.base/java.lang.reflect.Field.checkCanSetAccessible(Field.java:178)
	at java.base/java.lang.reflect.Field.setAccessible(Field.java:172)
	at org.assertj.swing.dependency.fest_reflect.util.Accessibles$SetAccessibleAction.run(Accessibles.java:70)
	at org.assertj.swing.dependency.fest_reflect.util.Accessibles$SetAccessibleAction.run(Accessibles.java:60)
	at java.base/java.security.AccessController.doPrivileged(AccessController.java:318)
	at org.assertj.swing.dependency.fest_reflect.util.Accessibles.setAccessible(Accessibles.java:57)
	at org.assertj.swing.dependency.fest_reflect.util.Accessibles.makeAccessible(Accessibles.java:46)
	at org.assertj.swing.dependency.fest_reflect.field.Invoker.verifyCorrectType(Invoker.java:98)
	at org.assertj.swing.dependency.fest_reflect.field.Invoker.createInvoker(Invoker.java:74)
	at org.assertj.swing.dependency.fest_reflect.field.Invoker.newInvoker(Invoker.java:68)
	at org.assertj.swing.dependency.fest_reflect.field.FieldType.in(FieldType.java:74)
	at org.assertj.swing.monitor.ProtectingTimerTask.isCanceled(ProtectingTimerTask.java:54)
	at org.assertj.swing.monitor.ProtectingTimerTask.run(ProtectingTimerTask.java:41)
	at java.base/java.util.TimerThread.mainLoop(Timer.java:566)
	at java.base/java.util.TimerThread.run(Timer.java:516)

Dec 01, 2024 11:10:26 PM org.assertj.swing.monitor.ProtectingTimerTask handleException
WARNING: Exception thrown by a TimerTask
java.lang.reflect.InaccessibleObjectException: Unable to make field int java.util.TimerTask.state accessible: module java.base does not "opens java.util" to unnamed module @7cec9f40
	at java.base/java.lang.reflect.AccessibleObject.checkCanSetAccessible(AccessibleObject.java:354)
	at java.base/java.lang.reflect.AccessibleObject.checkCanSetAccessible(AccessibleObject.java:297)
	at java.base/java.lang.reflect.Field.checkCanSetAccessible(Field.java:178)
	at java.base/java.lang.reflect.Field.setAccessible(Field.java:172)
	at org.assertj.swing.dependency.fest_reflect.util.Accessibles$SetAccessibleAction.run(Accessibles.java:70)
	at org.assertj.swing.dependency.fest_reflect.util.Accessibles$SetAccessibleAction.run(Accessibles.java:60)
	at java.base/java.security.AccessController.doPrivileged(AccessController.java:318)
	at org.assertj.swing.dependency.fest_reflect.util.Accessibles.setAccessible(Accessibles.java:57)
	at org.assertj.swing.dependency.fest_reflect.util.Accessibles.makeAccessible(Accessibles.java:46)
	at org.assertj.swing.dependency.fest_reflect.field.Invoker.verifyCorrectType(Invoker.java:98)
	at org.assertj.swing.dependency.fest_reflect.field.Invoker.createInvoker(Invoker.java:74)
	at org.assertj.swing.dependency.fest_reflect.field.Invoker.newInvoker(Invoker.java:68)
	at org.assertj.swing.dependency.fest_reflect.field.FieldType.in(FieldType.java:74)
	at org.assertj.swing.monitor.ProtectingTimerTask.isCanceled(ProtectingTimerTask.java:54)
	at org.assertj.swing.monitor.ProtectingTimerTask.run(ProtectingTimerTask.java:41)
	at java.base/java.util.TimerThread.mainLoop(Timer.java:566)
	at java.base/java.util.TimerThread.run(Timer.java:516)

Dec 01, 2024 11:10:26 PM org.assertj.swing.monitor.ProtectingTimerTask handleException
WARNING: Exception thrown by a TimerTask
java.lang.reflect.InaccessibleObjectException: Unable to make field int java.util.TimerTask.state accessible: module java.base does not "opens java.util" to unnamed module @7cec9f40
	at java.base/java.lang.reflect.AccessibleObject.checkCanSetAccessible(AccessibleObject.java:354)
	at java.base/java.lang.reflect.AccessibleObject.checkCanSetAccessible(AccessibleObject.java:297)
	at java.base/java.lang.reflect.Field.checkCanSetAccessible(Field.java:178)
	at java.base/java.lang.reflect.Field.setAccessible(Field.java:172)
	at org.assertj.swing.dependency.fest_reflect.util.Accessibles$SetAccessibleAction.run(Accessibles.java:70)
	at org.assertj.swing.dependency.fest_reflect.util.Accessibles$SetAccessibleAction.run(Accessibles.java:60)
	at java.base/java.security.AccessController.doPrivileged(AccessController.java:318)
	at org.assertj.swing.dependency.fest_reflect.util.Accessibles.setAccessible(Accessibles.java:57)
	at org.assertj.swing.dependency.fest_reflect.util.Accessibles.makeAccessible(Accessibles.java:46)
	at org.assertj.swing.dependency.fest_reflect.field.Invoker.verifyCorrectType(Invoker.java:98)
	at org.assertj.swing.dependency.fest_reflect.field.Invoker.createInvoker(Invoker.java:74)
	at org.assertj.swing.dependency.fest_reflect.field.Invoker.newInvoker(Invoker.java:68)
	at org.assertj.swing.dependency.fest_reflect.field.FieldType.in(FieldType.java:74)
	at org.assertj.swing.monitor.ProtectingTimerTask.isCanceled(ProtectingTimerTask.java:54)
	at org.assertj.swing.monitor.ProtectingTimerTask.run(ProtectingTimerTask.java:41)
	at java.base/java.util.TimerThread.mainLoop(Timer.java:566)
	at java.base/java.util.TimerThread.run(Timer.java:516)

Dec 01, 2024 11:10:26 PM org.assertj.swing.monitor.ProtectingTimerTask handleException
WARNING: Exception thrown by a TimerTask
java.lang.reflect.InaccessibleObjectException: Unable to make field int java.util.TimerTask.state accessible: module java.base does not "opens java.util" to unnamed module @7cec9f40
	at java.base/java.lang.reflect.AccessibleObject.checkCanSetAccessible(AccessibleObject.java:354)
	at java.base/java.lang.reflect.AccessibleObject.checkCanSetAccessible(AccessibleObject.java:297)
	at java.base/java.lang.reflect.Field.checkCanSetAccessible(Field.java:178)
	at java.base/java.lang.reflect.Field.setAccessible(Field.java:172)
	at org.assertj.swing.dependency.fest_reflect.util.Accessibles$SetAccessibleAction.run(Accessibles.java:70)
	at org.assertj.swing.dependency.fest_reflect.util.Accessibles$SetAccessibleAction.run(Accessibles.java:60)
	at java.base/java.security.AccessController.doPrivileged(AccessController.java:318)
	at org.assertj.swing.dependency.fest_reflect.util.Accessibles.setAccessible(Accessibles.java:57)
	at org.assertj.swing.dependency.fest_reflect.util.Accessibles.makeAccessible(Accessibles.java:46)
	at org.assertj.swing.dependency.fest_reflect.field.Invoker.verifyCorrectType(Invoker.java:98)
	at org.assertj.swing.dependency.fest_reflect.field.Invoker.createInvoker(Invoker.java:74)
	at org.assertj.swing.dependency.fest_reflect.field.Invoker.newInvoker(Invoker.java:68)
	at org.assertj.swing.dependency.fest_reflect.field.FieldType.in(FieldType.java:74)
	at org.assertj.swing.monitor.ProtectingTimerTask.isCanceled(ProtectingTimerTask.java:54)
	at org.assertj.swing.monitor.ProtectingTimerTask.run(ProtectingTimerTask.java:41)
	at java.base/java.util.TimerThread.mainLoop(Timer.java:566)
	at java.base/java.util.TimerThread.run(Timer.java:516)

Dec 01, 2024 11:10:26 PM org.assertj.swing.monitor.ProtectingTimerTask handleException
WARNING: Exception thrown by a TimerTask
java.lang.reflect.InaccessibleObjectException: Unable to make field int java.util.TimerTask.state accessible: module java.base does not "opens java.util" to unnamed module @7cec9f40
	at java.base/java.lang.reflect.AccessibleObject.checkCanSetAccessible(AccessibleObject.java:354)
	at java.base/java.lang.reflect.AccessibleObject.checkCanSetAccessible(AccessibleObject.java:297)
	at java.base/java.lang.reflect.Field.checkCanSetAccessible(Field.java:178)
	at java.base/java.lang.reflect.Field.setAccessible(Field.java:172)
	at org.assertj.swing.dependency.fest_reflect.util.Accessibles$SetAccessibleAction.run(Accessibles.java:70)
	at org.assertj.swing.dependency.fest_reflect.util.Accessibles$SetAccessibleAction.run(Accessibles.java:60)
	at java.base/java.security.AccessController.doPrivileged(AccessController.java:318)
	at org.assertj.swing.dependency.fest_reflect.util.Accessibles.setAccessible(Accessibles.java:57)
	at org.assertj.swing.dependency.fest_reflect.util.Accessibles.makeAccessible(Accessibles.java:46)
	at org.assertj.swing.dependency.fest_reflect.field.Invoker.verifyCorrectType(Invoker.java:98)
	at org.assertj.swing.dependency.fest_reflect.field.Invoker.createInvoker(Invoker.java:74)
	at org.assertj.swing.dependency.fest_reflect.field.Invoker.newInvoker(Invoker.java:68)
	at org.assertj.swing.dependency.fest_reflect.field.FieldType.in(FieldType.java:74)
	at org.assertj.swing.monitor.ProtectingTimerTask.isCanceled(ProtectingTimerTask.java:54)
	at org.assertj.swing.monitor.ProtectingTimerTask.run(ProtectingTimerTask.java:41)
	at java.base/java.util.TimerThread.mainLoop(Timer.java:566)
	at java.base/java.util.TimerThread.run(Timer.java:516)

Dec 01, 2024 11:10:26 PM org.assertj.swing.monitor.ProtectingTimerTask handleException
WARNING: Exception thrown by a TimerTask
java.lang.reflect.InaccessibleObjectException: Unable to make field int java.util.TimerTask.state accessible: module java.base does not "opens java.util" to unnamed module @7cec9f40
	at java.base/java.lang.reflect.AccessibleObject.checkCanSetAccessible(AccessibleObject.java:354)
	at java.base/java.lang.reflect.AccessibleObject.checkCanSetAccessible(AccessibleObject.java:297)
	at java.base/java.lang.reflect.Field.checkCanSetAccessible(Field.java:178)
	at java.base/java.lang.reflect.Field.setAccessible(Field.java:172)
	at org.assertj.swing.dependency.fest_reflect.util.Accessibles$SetAccessibleAction.run(Accessibles.java:70)
	at org.assertj.swing.dependency.fest_reflect.util.Accessibles$SetAccessibleAction.run(Accessibles.java:60)
	at java.base/java.security.AccessController.doPrivileged(AccessController.java:318)
	at org.assertj.swing.dependency.fest_reflect.util.Accessibles.setAccessible(Accessibles.java:57)
	at org.assertj.swing.dependency.fest_reflect.util.Accessibles.makeAccessible(Accessibles.java:46)
	at org.assertj.swing.dependency.fest_reflect.field.Invoker.verifyCorrectType(Invoker.java:98)
	at org.assertj.swing.dependency.fest_reflect.field.Invoker.createInvoker(Invoker.java:74)
	at org.assertj.swing.dependency.fest_reflect.field.Invoker.newInvoker(Invoker.java:68)
	at org.assertj.swing.dependency.fest_reflect.field.FieldType.in(FieldType.java:74)
	at org.assertj.swing.monitor.ProtectingTimerTask.isCanceled(ProtectingTimerTask.java:54)
	at org.assertj.swing.monitor.ProtectingTimerTask.run(ProtectingTimerTask.java:41)
	at java.base/java.util.TimerThread.mainLoop(Timer.java:566)
	at java.base/java.util.TimerThread.run(Timer.java:516)

Dec 01, 2024 11:10:26 PM org.assertj.swing.monitor.ProtectingTimerTask handleException
WARNING: Exception thrown by a TimerTask
java.lang.reflect.InaccessibleObjectException: Unable to make field int java.util.TimerTask.state accessible: module java.base does not "opens java.util" to unnamed module @7cec9f40
	at java.base/java.lang.reflect.AccessibleObject.checkCanSetAccessible(AccessibleObject.java:354)
	at java.base/java.lang.reflect.AccessibleObject.checkCanSetAccessible(AccessibleObject.java:297)
	at java.base/java.lang.reflect.Field.checkCanSetAccessible(Field.java:178)
	at java.base/java.lang.reflect.Field.setAccessible(Field.java:172)
	at org.assertj.swing.dependency.fest_reflect.util.Accessibles$SetAccessibleAction.run(Accessibles.java:70)
	at org.assertj.swing.dependency.fest_reflect.util.Accessibles$SetAccessibleAction.run(Accessibles.java:60)
	at java.base/java.security.AccessController.doPrivileged(AccessController.java:318)
	at org.assertj.swing.dependency.fest_reflect.util.Accessibles.setAccessible(Accessibles.java:57)
	at org.assertj.swing.dependency.fest_reflect.util.Accessibles.makeAccessible(Accessibles.java:46)
	at org.assertj.swing.dependency.fest_reflect.field.Invoker.verifyCorrectType(Invoker.java:98)
	at org.assertj.swing.dependency.fest_reflect.field.Invoker.createInvoker(Invoker.java:74)
	at org.assertj.swing.dependency.fest_reflect.field.Invoker.newInvoker(Invoker.java:68)
	at org.assertj.swing.dependency.fest_reflect.field.FieldType.in(FieldType.java:74)
	at org.assertj.swing.monitor.ProtectingTimerTask.isCanceled(ProtectingTimerTask.java:54)
	at org.assertj.swing.monitor.ProtectingTimerTask.run(ProtectingTimerTask.java:41)
	at java.base/java.util.TimerThread.mainLoop(Timer.java:566)
	at java.base/java.util.TimerThread.run(Timer.java:516)

Dec 01, 2024 11:10:26 PM org.assertj.swing.monitor.ProtectingTimerTask handleException
WARNING: Exception thrown by a TimerTask
java.lang.reflect.InaccessibleObjectException: Unable to make field int java.util.TimerTask.state accessible: module java.base does not "opens java.util" to unnamed module @7cec9f40
	at java.base/java.lang.reflect.AccessibleObject.checkCanSetAccessible(AccessibleObject.java:354)
	at java.base/java.lang.reflect.AccessibleObject.checkCanSetAccessible(AccessibleObject.java:297)
	at java.base/java.lang.reflect.Field.checkCanSetAccessible(Field.java:178)
	at java.base/java.lang.reflect.Field.setAccessible(Field.java:172)
	at org.assertj.swing.dependency.fest_reflect.util.Accessibles$SetAccessibleAction.run(Accessibles.java:70)
	at org.assertj.swing.dependency.fest_reflect.util.Accessibles$SetAccessibleAction.run(Accessibles.java:60)
	at java.base/java.security.AccessController.doPrivileged(AccessController.java:318)
	at org.assertj.swing.dependency.fest_reflect.util.Accessibles.setAccessible(Accessibles.java:57)
	at org.assertj.swing.dependency.fest_reflect.util.Accessibles.makeAccessible(Accessibles.java:46)
	at org.assertj.swing.dependency.fest_reflect.field.Invoker.verifyCorrectType(Invoker.java:98)
	at org.assertj.swing.dependency.fest_reflect.field.Invoker.createInvoker(Invoker.java:74)
	at org.assertj.swing.dependency.fest_reflect.field.Invoker.newInvoker(Invoker.java:68)
	at org.assertj.swing.dependency.fest_reflect.field.FieldType.in(FieldType.java:74)
	at org.assertj.swing.monitor.ProtectingTimerTask.isCanceled(ProtectingTimerTask.java:54)
	at org.assertj.swing.monitor.ProtectingTimerTask.run(ProtectingTimerTask.java:41)
	at java.base/java.util.TimerThread.mainLoop(Timer.java:566)
	at java.base/java.util.TimerThread.run(Timer.java:516)

Dec 01, 2024 11:10:26 PM org.assertj.swing.monitor.ProtectingTimerTask handleException
WARNING: Exception thrown by a TimerTask
java.lang.reflect.InaccessibleObjectException: Unable to make field int java.util.TimerTask.state accessible: module java.base does not "opens java.util" to unnamed module @7cec9f40
	at java.base/java.lang.reflect.AccessibleObject.checkCanSetAccessible(AccessibleObject.java:354)
	at java.base/java.lang.reflect.AccessibleObject.checkCanSetAccessible(AccessibleObject.java:297)
	at java.base/java.lang.reflect.Field.checkCanSetAccessible(Field.java:178)
	at java.base/java.lang.reflect.Field.setAccessible(Field.java:172)
	at org.assertj.swing.dependency.fest_reflect.util.Accessibles$SetAccessibleAction.run(Accessibles.java:70)
	at org.assertj.swing.dependency.fest_reflect.util.Accessibles$SetAccessibleAction.run(Accessibles.java:60)
	at java.base/java.security.AccessController.doPrivileged(AccessController.java:318)
	at org.assertj.swing.dependency.fest_reflect.util.Accessibles.setAccessible(Accessibles.java:57)
	at org.assertj.swing.dependency.fest_reflect.util.Accessibles.makeAccessible(Accessibles.java:46)
	at org.assertj.swing.dependency.fest_reflect.field.Invoker.verifyCorrectType(Invoker.java:98)
	at org.assertj.swing.dependency.fest_reflect.field.Invoker.createInvoker(Invoker.java:74)
	at org.assertj.swing.dependency.fest_reflect.field.Invoker.newInvoker(Invoker.java:68)
	at org.assertj.swing.dependency.fest_reflect.field.FieldType.in(FieldType.java:74)
	at org.assertj.swing.monitor.ProtectingTimerTask.isCanceled(ProtectingTimerTask.java:54)
	at org.assertj.swing.monitor.ProtectingTimerTask.run(ProtectingTimerTask.java:41)
	at java.base/java.util.TimerThread.mainLoop(Timer.java:566)
	at java.base/java.util.TimerThread.run(Timer.java:516)

Dec 01, 2024 11:10:26 PM org.assertj.swing.monitor.ProtectingTimerTask handleException
WARNING: Exception thrown by a TimerTask
java.lang.reflect.InaccessibleObjectException: Unable to make field int java.util.TimerTask.state accessible: module java.base does not "opens java.util" to unnamed module @7cec9f40
	at java.base/java.lang.reflect.AccessibleObject.checkCanSetAccessible(AccessibleObject.java:354)
	at java.base/java.lang.reflect.AccessibleObject.checkCanSetAccessible(AccessibleObject.java:297)
	at java.base/java.lang.reflect.Field.checkCanSetAccessible(Field.java:178)
	at java.base/java.lang.reflect.Field.setAccessible(Field.java:172)
	at org.assertj.swing.dependency.fest_reflect.util.Accessibles$SetAccessibleAction.run(Accessibles.java:70)
	at org.assertj.swing.dependency.fest_reflect.util.Accessibles$SetAccessibleAction.run(Accessibles.java:60)
	at java.base/java.security.AccessController.doPrivileged(AccessController.java:318)
	at org.assertj.swing.dependency.fest_reflect.util.Accessibles.setAccessible(Accessibles.java:57)
	at org.assertj.swing.dependency.fest_reflect.util.Accessibles.makeAccessible(Accessibles.java:46)
	at org.assertj.swing.dependency.fest_reflect.field.Invoker.verifyCorrectType(Invoker.java:98)
	at org.assertj.swing.dependency.fest_reflect.field.Invoker.createInvoker(Invoker.java:74)
	at org.assertj.swing.dependency.fest_reflect.field.Invoker.newInvoker(Invoker.java:68)
	at org.assertj.swing.dependency.fest_reflect.field.FieldType.in(FieldType.java:74)
	at org.assertj.swing.monitor.ProtectingTimerTask.isCanceled(ProtectingTimerTask.java:54)
	at org.assertj.swing.monitor.ProtectingTimerTask.run(ProtectingTimerTask.java:41)
	at java.base/java.util.TimerThread.mainLoop(Timer.java:566)
	at java.base/java.util.TimerThread.run(Timer.java:516)

Dec 01, 2024 11:10:27 PM org.assertj.swing.monitor.ProtectingTimerTask handleException
WARNING: Exception thrown by a TimerTask
java.lang.reflect.InaccessibleObjectException: Unable to make field int java.util.TimerTask.state accessible: module java.base does not "opens java.util" to unnamed module @7cec9f40
	at java.base/java.lang.reflect.AccessibleObject.checkCanSetAccessible(AccessibleObject.java:354)
	at java.base/java.lang.reflect.AccessibleObject.checkCanSetAccessible(AccessibleObject.java:297)
	at java.base/java.lang.reflect.Field.checkCanSetAccessible(Field.java:178)
	at java.base/java.lang.reflect.Field.setAccessible(Field.java:172)
	at org.assertj.swing.dependency.fest_reflect.util.Accessibles$SetAccessibleAction.run(Accessibles.java:70)
	at org.assertj.swing.dependency.fest_reflect.util.Accessibles$SetAccessibleAction.run(Accessibles.java:60)
	at java.base/java.security.AccessController.doPrivileged(AccessController.java:318)
	at org.assertj.swing.dependency.fest_reflect.util.Accessibles.setAccessible(Accessibles.java:57)
	at org.assertj.swing.dependency.fest_reflect.util.Accessibles.makeAccessible(Accessibles.java:46)
	at org.assertj.swing.dependency.fest_reflect.field.Invoker.verifyCorrectType(Invoker.java:98)
	at org.assertj.swing.dependency.fest_reflect.field.Invoker.createInvoker(Invoker.java:74)
	at org.assertj.swing.dependency.fest_reflect.field.Invoker.newInvoker(Invoker.java:68)
	at org.assertj.swing.dependency.fest_reflect.field.FieldType.in(FieldType.java:74)
	at org.assertj.swing.monitor.ProtectingTimerTask.isCanceled(ProtectingTimerTask.java:54)
	at org.assertj.swing.monitor.ProtectingTimerTask.run(ProtectingTimerTask.java:41)
	at java.base/java.util.TimerThread.mainLoop(Timer.java:566)
	at java.base/java.util.TimerThread.run(Timer.java:516)

Dec 01, 2024 11:10:27 PM org.assertj.swing.monitor.ProtectingTimerTask handleException
WARNING: Exception thrown by a TimerTask
java.lang.reflect.InaccessibleObjectException: Unable to make field int java.util.TimerTask.state accessible: module java.base does not "opens java.util" to unnamed module @7cec9f40
	at java.base/java.lang.reflect.AccessibleObject.checkCanSetAccessible(AccessibleObject.java:354)
	at java.base/java.lang.reflect.AccessibleObject.checkCanSetAccessible(AccessibleObject.java:297)
	at java.base/java.lang.reflect.Field.checkCanSetAccessible(Field.java:178)
	at java.base/java.lang.reflect.Field.setAccessible(Field.java:172)
	at org.assertj.swing.dependency.fest_reflect.util.Accessibles$SetAccessibleAction.run(Accessibles.java:70)
	at org.assertj.swing.dependency.fest_reflect.util.Accessibles$SetAccessibleAction.run(Accessibles.java:60)
	at java.base/java.security.AccessController.doPrivileged(AccessController.java:318)
	at org.assertj.swing.dependency.fest_reflect.util.Accessibles.setAccessible(Accessibles.java:57)
	at org.assertj.swing.dependency.fest_reflect.util.Accessibles.makeAccessible(Accessibles.java:46)
	at org.assertj.swing.dependency.fest_reflect.field.Invoker.verifyCorrectType(Invoker.java:98)
	at org.assertj.swing.dependency.fest_reflect.field.Invoker.createInvoker(Invoker.java:74)
	at org.assertj.swing.dependency.fest_reflect.field.Invoker.newInvoker(Invoker.java:68)
	at org.assertj.swing.dependency.fest_reflect.field.FieldType.in(FieldType.java:74)
	at org.assertj.swing.monitor.ProtectingTimerTask.isCanceled(ProtectingTimerTask.java:54)
	at org.assertj.swing.monitor.ProtectingTimerTask.run(ProtectingTimerTask.java:41)
	at java.base/java.util.TimerThread.mainLoop(Timer.java:566)
	at java.base/java.util.TimerThread.run(Timer.java:516)

Dec 01, 2024 11:10:27 PM org.assertj.swing.monitor.ProtectingTimerTask handleException
WARNING: Exception thrown by a TimerTask
java.lang.reflect.InaccessibleObjectException: Unable to make field int java.util.TimerTask.state accessible: module java.base does not "opens java.util" to unnamed module @7cec9f40
	at java.base/java.lang.reflect.AccessibleObject.checkCanSetAccessible(AccessibleObject.java:354)
	at java.base/java.lang.reflect.AccessibleObject.checkCanSetAccessible(AccessibleObject.java:297)
	at java.base/java.lang.reflect.Field.checkCanSetAccessible(Field.java:178)
	at java.base/java.lang.reflect.Field.setAccessible(Field.java:172)
	at org.assertj.swing.dependency.fest_reflect.util.Accessibles$SetAccessibleAction.run(Accessibles.java:70)
	at org.assertj.swing.dependency.fest_reflect.util.Accessibles$SetAccessibleAction.run(Accessibles.java:60)
	at java.base/java.security.AccessController.doPrivileged(AccessController.java:318)
	at org.assertj.swing.dependency.fest_reflect.util.Accessibles.setAccessible(Accessibles.java:57)
	at org.assertj.swing.dependency.fest_reflect.util.Accessibles.makeAccessible(Accessibles.java:46)
	at org.assertj.swing.dependency.fest_reflect.field.Invoker.verifyCorrectType(Invoker.java:98)
	at org.assertj.swing.dependency.fest_reflect.field.Invoker.createInvoker(Invoker.java:74)
	at org.assertj.swing.dependency.fest_reflect.field.Invoker.newInvoker(Invoker.java:68)
	at org.assertj.swing.dependency.fest_reflect.field.FieldType.in(FieldType.java:74)
	at org.assertj.swing.monitor.ProtectingTimerTask.isCanceled(ProtectingTimerTask.java:54)
	at org.assertj.swing.monitor.ProtectingTimerTask.run(ProtectingTimerTask.java:41)
	at java.base/java.util.TimerThread.mainLoop(Timer.java:566)
	at java.base/java.util.TimerThread.run(Timer.java:516)

Dec 01, 2024 11:10:27 PM org.assertj.swing.monitor.ProtectingTimerTask handleException
WARNING: Exception thrown by a TimerTask
java.lang.reflect.InaccessibleObjectException: Unable to make field int java.util.TimerTask.state accessible: module java.base does not "opens java.util" to unnamed module @7cec9f40
	at java.base/java.lang.reflect.AccessibleObject.checkCanSetAccessible(AccessibleObject.java:354)
	at java.base/java.lang.reflect.AccessibleObject.checkCanSetAccessible(AccessibleObject.java:297)
	at java.base/java.lang.reflect.Field.checkCanSetAccessible(Field.java:178)
	at java.base/java.lang.reflect.Field.setAccessible(Field.java:172)
	at org.assertj.swing.dependency.fest_reflect.util.Accessibles$SetAccessibleAction.run(Accessibles.java:70)
	at org.assertj.swing.dependency.fest_reflect.util.Accessibles$SetAccessibleAction.run(Accessibles.java:60)
	at java.base/java.security.AccessController.doPrivileged(AccessController.java:318)
	at org.assertj.swing.dependency.fest_reflect.util.Accessibles.setAccessible(Accessibles.java:57)
	at org.assertj.swing.dependency.fest_reflect.util.Accessibles.makeAccessible(Accessibles.java:46)
	at org.assertj.swing.dependency.fest_reflect.field.Invoker.verifyCorrectType(Invoker.java:98)
	at org.assertj.swing.dependency.fest_reflect.field.Invoker.createInvoker(Invoker.java:74)
	at org.assertj.swing.dependency.fest_reflect.field.Invoker.newInvoker(Invoker.java:68)
	at org.assertj.swing.dependency.fest_reflect.field.FieldType.in(FieldType.java:74)
	at org.assertj.swing.monitor.ProtectingTimerTask.isCanceled(ProtectingTimerTask.java:54)
	at org.assertj.swing.monitor.ProtectingTimerTask.run(ProtectingTimerTask.java:41)
	at java.base/java.util.TimerThread.mainLoop(Timer.java:566)
	at java.base/java.util.TimerThread.run(Timer.java:516)

Dec 01, 2024 11:10:28 PM org.assertj.swing.monitor.ProtectingTimerTask handleException
WARNING: Exception thrown by a TimerTask
java.lang.reflect.InaccessibleObjectException: Unable to make field int java.util.TimerTask.state accessible: module java.base does not "opens java.util" to unnamed module @7cec9f40
	at java.base/java.lang.reflect.AccessibleObject.checkCanSetAccessible(AccessibleObject.java:354)
	at java.base/java.lang.reflect.AccessibleObject.checkCanSetAccessible(AccessibleObject.java:297)
	at java.base/java.lang.reflect.Field.checkCanSetAccessible(Field.java:178)
	at java.base/java.lang.reflect.Field.setAccessible(Field.java:172)
	at org.assertj.swing.dependency.fest_reflect.util.Accessibles$SetAccessibleAction.run(Accessibles.java:70)
	at org.assertj.swing.dependency.fest_reflect.util.Accessibles$SetAccessibleAction.run(Accessibles.java:60)
	at java.base/java.security.AccessController.doPrivileged(AccessController.java:318)
	at org.assertj.swing.dependency.fest_reflect.util.Accessibles.setAccessible(Accessibles.java:57)
	at org.assertj.swing.dependency.fest_reflect.util.Accessibles.makeAccessible(Accessibles.java:46)
	at org.assertj.swing.dependency.fest_reflect.field.Invoker.verifyCorrectType(Invoker.java:98)
	at org.assertj.swing.dependency.fest_reflect.field.Invoker.createInvoker(Invoker.java:74)
	at org.assertj.swing.dependency.fest_reflect.field.Invoker.newInvoker(Invoker.java:68)
	at org.assertj.swing.dependency.fest_reflect.field.FieldType.in(FieldType.java:74)
	at org.assertj.swing.monitor.ProtectingTimerTask.isCanceled(ProtectingTimerTask.java:54)
	at org.assertj.swing.monitor.ProtectingTimerTask.run(ProtectingTimerTask.java:41)
	at java.base/java.util.TimerThread.mainLoop(Timer.java:566)
	at java.base/java.util.TimerThread.run(Timer.java:516)

Dec 01, 2024 11:10:28 PM org.assertj.swing.monitor.ProtectingTimerTask handleException
WARNING: Exception thrown by a TimerTask
java.lang.reflect.InaccessibleObjectException: Unable to make field int java.util.TimerTask.state accessible: module java.base does not "opens java.util" to unnamed module @7cec9f40
	at java.base/java.lang.reflect.AccessibleObject.checkCanSetAccessible(AccessibleObject.java:354)
	at java.base/java.lang.reflect.AccessibleObject.checkCanSetAccessible(AccessibleObject.java:297)
	at java.base/java.lang.reflect.Field.checkCanSetAccessible(Field.java:178)
	at java.base/java.lang.reflect.Field.setAccessible(Field.java:172)
	at org.assertj.swing.dependency.fest_reflect.util.Accessibles$SetAccessibleAction.run(Accessibles.java:70)
	at org.assertj.swing.dependency.fest_reflect.util.Accessibles$SetAccessibleAction.run(Accessibles.java:60)
	at java.base/java.security.AccessController.doPrivileged(AccessController.java:318)
	at org.assertj.swing.dependency.fest_reflect.util.Accessibles.setAccessible(Accessibles.java:57)
	at org.assertj.swing.dependency.fest_reflect.util.Accessibles.makeAccessible(Accessibles.java:46)
	at org.assertj.swing.dependency.fest_reflect.field.Invoker.verifyCorrectType(Invoker.java:98)
	at org.assertj.swing.dependency.fest_reflect.field.Invoker.createInvoker(Invoker.java:74)
	at org.assertj.swing.dependency.fest_reflect.field.Invoker.newInvoker(Invoker.java:68)
	at org.assertj.swing.dependency.fest_reflect.field.FieldType.in(FieldType.java:74)
	at org.assertj.swing.monitor.ProtectingTimerTask.isCanceled(ProtectingTimerTask.java:54)
	at org.assertj.swing.monitor.ProtectingTimerTask.run(ProtectingTimerTask.java:41)
	at java.base/java.util.TimerThread.mainLoop(Timer.java:566)
	at java.base/java.util.TimerThread.run(Timer.java:516)

Dec 01, 2024 11:10:28 PM org.assertj.swing.monitor.ProtectingTimerTask handleException
WARNING: Exception thrown by a TimerTask
java.lang.reflect.InaccessibleObjectException: Unable to make field int java.util.TimerTask.state accessible: module java.base does not "opens java.util" to unnamed module @7cec9f40
	at java.base/java.lang.reflect.AccessibleObject.checkCanSetAccessible(AccessibleObject.java:354)
	at java.base/java.lang.reflect.AccessibleObject.checkCanSetAccessible(AccessibleObject.java:297)
	at java.base/java.lang.reflect.Field.checkCanSetAccessible(Field.java:178)
	at java.base/java.lang.reflect.Field.setAccessible(Field.java:172)
	at org.assertj.swing.dependency.fest_reflect.util.Accessibles$SetAccessibleAction.run(Accessibles.java:70)
	at org.assertj.swing.dependency.fest_reflect.util.Accessibles$SetAccessibleAction.run(Accessibles.java:60)
	at java.base/java.security.AccessController.doPrivileged(AccessController.java:318)
	at org.assertj.swing.dependency.fest_reflect.util.Accessibles.setAccessible(Accessibles.java:57)
	at org.assertj.swing.dependency.fest_reflect.util.Accessibles.makeAccessible(Accessibles.java:46)
	at org.assertj.swing.dependency.fest_reflect.field.Invoker.verifyCorrectType(Invoker.java:98)
	at org.assertj.swing.dependency.fest_reflect.field.Invoker.createInvoker(Invoker.java:74)
	at org.assertj.swing.dependency.fest_reflect.field.Invoker.newInvoker(Invoker.java:68)
	at org.assertj.swing.dependency.fest_reflect.field.FieldType.in(FieldType.java:74)
	at org.assertj.swing.monitor.ProtectingTimerTask.isCanceled(ProtectingTimerTask.java:54)
	at org.assertj.swing.monitor.ProtectingTimerTask.run(ProtectingTimerTask.java:41)
	at java.base/java.util.TimerThread.mainLoop(Timer.java:566)
	at java.base/java.util.TimerThread.run(Timer.java:516)

Dec 01, 2024 11:10:28 PM org.assertj.swing.monitor.ProtectingTimerTask handleException
WARNING: Exception thrown by a TimerTask
java.lang.reflect.InaccessibleObjectException: Unable to make field int java.util.TimerTask.state accessible: module java.base does not "opens java.util" to unnamed module @7cec9f40
	at java.base/java.lang.reflect.AccessibleObject.checkCanSetAccessible(AccessibleObject.java:354)
	at java.base/java.lang.reflect.AccessibleObject.checkCanSetAccessible(AccessibleObject.java:297)
	at java.base/java.lang.reflect.Field.checkCanSetAccessible(Field.java:178)
	at java.base/java.lang.reflect.Field.setAccessible(Field.java:172)
	at org.assertj.swing.dependency.fest_reflect.util.Accessibles$SetAccessibleAction.run(Accessibles.java:70)
	at org.assertj.swing.dependency.fest_reflect.util.Accessibles$SetAccessibleAction.run(Accessibles.java:60)
	at java.base/java.security.AccessController.doPrivileged(AccessController.java:318)
	at org.assertj.swing.dependency.fest_reflect.util.Accessibles.setAccessible(Accessibles.java:57)
	at org.assertj.swing.dependency.fest_reflect.util.Accessibles.makeAccessible(Accessibles.java:46)
	at org.assertj.swing.dependency.fest_reflect.field.Invoker.verifyCorrectType(Invoker.java:98)
	at org.assertj.swing.dependency.fest_reflect.field.Invoker.createInvoker(Invoker.java:74)
	at org.assertj.swing.dependency.fest_reflect.field.Invoker.newInvoker(Invoker.java:68)
	at org.assertj.swing.dependency.fest_reflect.field.FieldType.in(FieldType.java:74)
	at org.assertj.swing.monitor.ProtectingTimerTask.isCanceled(ProtectingTimerTask.java:54)
	at org.assertj.swing.monitor.ProtectingTimerTask.run(ProtectingTimerTask.java:41)
	at java.base/java.util.TimerThread.mainLoop(Timer.java:566)
	at java.base/java.util.TimerThread.run(Timer.java:516)

Dec 01, 2024 11:10:28 PM org.assertj.swing.monitor.ProtectingTimerTask handleException
WARNING: Exception thrown by a TimerTask
java.lang.reflect.InaccessibleObjectException: Unable to make field int java.util.TimerTask.state accessible: module java.base does not "opens java.util" to unnamed module @7cec9f40
	at java.base/java.lang.reflect.AccessibleObject.checkCanSetAccessible(AccessibleObject.java:354)
	at java.base/java.lang.reflect.AccessibleObject.checkCanSetAccessible(AccessibleObject.java:297)
	at java.base/java.lang.reflect.Field.checkCanSetAccessible(Field.java:178)
	at java.base/java.lang.reflect.Field.setAccessible(Field.java:172)
	at org.assertj.swing.dependency.fest_reflect.util.Accessibles$SetAccessibleAction.run(Accessibles.java:70)
	at org.assertj.swing.dependency.fest_reflect.util.Accessibles$SetAccessibleAction.run(Accessibles.java:60)
	at java.base/java.security.AccessController.doPrivileged(AccessController.java:318)
	at org.assertj.swing.dependency.fest_reflect.util.Accessibles.setAccessible(Accessibles.java:57)
	at org.assertj.swing.dependency.fest_reflect.util.Accessibles.makeAccessible(Accessibles.java:46)
	at org.assertj.swing.dependency.fest_reflect.field.Invoker.verifyCorrectType(Invoker.java:98)
	at org.assertj.swing.dependency.fest_reflect.field.Invoker.createInvoker(Invoker.java:74)
	at org.assertj.swing.dependency.fest_reflect.field.Invoker.newInvoker(Invoker.java:68)
	at org.assertj.swing.dependency.fest_reflect.field.FieldType.in(FieldType.java:74)
	at org.assertj.swing.monitor.ProtectingTimerTask.isCanceled(ProtectingTimerTask.java:54)
	at org.assertj.swing.monitor.ProtectingTimerTask.run(ProtectingTimerTask.java:41)
	at java.base/java.util.TimerThread.mainLoop(Timer.java:566)
	at java.base/java.util.TimerThread.run(Timer.java:516)

Dec 01, 2024 11:10:28 PM org.assertj.swing.monitor.ProtectingTimerTask handleException
WARNING: Exception thrown by a TimerTask
java.lang.reflect.InaccessibleObjectException: Unable to make field int java.util.TimerTask.state accessible: module java.base does not "opens java.util" to unnamed module @7cec9f40
	at java.base/java.lang.reflect.AccessibleObject.checkCanSetAccessible(AccessibleObject.java:354)
	at java.base/java.lang.reflect.AccessibleObject.checkCanSetAccessible(AccessibleObject.java:297)
	at java.base/java.lang.reflect.Field.checkCanSetAccessible(Field.java:178)
	at java.base/java.lang.reflect.Field.setAccessible(Field.java:172)
	at org.assertj.swing.dependency.fest_reflect.util.Accessibles$SetAccessibleAction.run(Accessibles.java:70)
	at org.assertj.swing.dependency.fest_reflect.util.Accessibles$SetAccessibleAction.run(Accessibles.java:60)
	at java.base/java.security.AccessController.doPrivileged(AccessController.java:318)
	at org.assertj.swing.dependency.fest_reflect.util.Accessibles.setAccessible(Accessibles.java:57)
	at org.assertj.swing.dependency.fest_reflect.util.Accessibles.makeAccessible(Accessibles.java:46)
	at org.assertj.swing.dependency.fest_reflect.field.Invoker.verifyCorrectType(Invoker.java:98)
	at org.assertj.swing.dependency.fest_reflect.field.Invoker.createInvoker(Invoker.java:74)
	at org.assertj.swing.dependency.fest_reflect.field.Invoker.newInvoker(Invoker.java:68)
	at org.assertj.swing.dependency.fest_reflect.field.FieldType.in(FieldType.java:74)
	at org.assertj.swing.monitor.ProtectingTimerTask.isCanceled(ProtectingTimerTask.java:54)
	at org.assertj.swing.monitor.ProtectingTimerTask.run(ProtectingTimerTask.java:41)
	at java.base/java.util.TimerThread.mainLoop(Timer.java:566)
	at java.base/java.util.TimerThread.run(Timer.java:516)

Dec 01, 2024 11:10:28 PM org.assertj.swing.monitor.ProtectingTimerTask handleException
WARNING: Exception thrown by a TimerTask
java.lang.reflect.InaccessibleObjectException: Unable to make field int java.util.TimerTask.state accessible: module java.base does not "opens java.util" to unnamed module @7cec9f40
	at java.base/java.lang.reflect.AccessibleObject.checkCanSetAccessible(AccessibleObject.java:354)
	at java.base/java.lang.reflect.AccessibleObject.checkCanSetAccessible(AccessibleObject.java:297)
	at java.base/java.lang.reflect.Field.checkCanSetAccessible(Field.java:178)
	at java.base/java.lang.reflect.Field.setAccessible(Field.java:172)
	at org.assertj.swing.dependency.fest_reflect.util.Accessibles$SetAccessibleAction.run(Accessibles.java:70)
	at org.assertj.swing.dependency.fest_reflect.util.Accessibles$SetAccessibleAction.run(Accessibles.java:60)
	at java.base/java.security.AccessController.doPrivileged(AccessController.java:318)
	at org.assertj.swing.dependency.fest_reflect.util.Accessibles.setAccessible(Accessibles.java:57)
	at org.assertj.swing.dependency.fest_reflect.util.Accessibles.makeAccessible(Accessibles.java:46)
	at org.assertj.swing.dependency.fest_reflect.field.Invoker.verifyCorrectType(Invoker.java:98)
	at org.assertj.swing.dependency.fest_reflect.field.Invoker.createInvoker(Invoker.java:74)
	at org.assertj.swing.dependency.fest_reflect.field.Invoker.newInvoker(Invoker.java:68)
	at org.assertj.swing.dependency.fest_reflect.field.FieldType.in(FieldType.java:74)
	at org.assertj.swing.monitor.ProtectingTimerTask.isCanceled(ProtectingTimerTask.java:54)
	at org.assertj.swing.monitor.ProtectingTimerTask.run(ProtectingTimerTask.java:41)
	at java.base/java.util.TimerThread.mainLoop(Timer.java:566)
	at java.base/java.util.TimerThread.run(Timer.java:516)

Dec 01, 2024 11:10:28 PM org.assertj.swing.monitor.ProtectingTimerTask handleException
WARNING: Exception thrown by a TimerTask
java.lang.reflect.InaccessibleObjectException: Unable to make field int java.util.TimerTask.state accessible: module java.base does not "opens java.util" to unnamed module @7cec9f40
	at java.base/java.lang.reflect.AccessibleObject.checkCanSetAccessible(AccessibleObject.java:354)
	at java.base/java.lang.reflect.AccessibleObject.checkCanSetAccessible(AccessibleObject.java:297)
	at java.base/java.lang.reflect.Field.checkCanSetAccessible(Field.java:178)
	at java.base/java.lang.reflect.Field.setAccessible(Field.java:172)
	at org.assertj.swing.dependency.fest_reflect.util.Accessibles$SetAccessibleAction.run(Accessibles.java:70)
	at org.assertj.swing.dependency.fest_reflect.util.Accessibles$SetAccessibleAction.run(Accessibles.java:60)
	at java.base/java.security.AccessController.doPrivileged(AccessController.java:318)
	at org.assertj.swing.dependency.fest_reflect.util.Accessibles.setAccessible(Accessibles.java:57)
	at org.assertj.swing.dependency.fest_reflect.util.Accessibles.makeAccessible(Accessibles.java:46)
	at org.assertj.swing.dependency.fest_reflect.field.Invoker.verifyCorrectType(Invoker.java:98)
	at org.assertj.swing.dependency.fest_reflect.field.Invoker.createInvoker(Invoker.java:74)
	at org.assertj.swing.dependency.fest_reflect.field.Invoker.newInvoker(Invoker.java:68)
	at org.assertj.swing.dependency.fest_reflect.field.FieldType.in(FieldType.java:74)
	at org.assertj.swing.monitor.ProtectingTimerTask.isCanceled(ProtectingTimerTask.java:54)
	at org.assertj.swing.monitor.ProtectingTimerTask.run(ProtectingTimerTask.java:41)
	at java.base/java.util.TimerThread.mainLoop(Timer.java:566)
	at java.base/java.util.TimerThread.run(Timer.java:516)

Dec 01, 2024 11:10:28 PM org.assertj.swing.monitor.ProtectingTimerTask handleException
WARNING: Exception thrown by a TimerTask
java.lang.reflect.InaccessibleObjectException: Unable to make field int java.util.TimerTask.state accessible: module java.base does not "opens java.util" to unnamed module @7cec9f40
	at java.base/java.lang.reflect.AccessibleObject.checkCanSetAccessible(AccessibleObject.java:354)
	at java.base/java.lang.reflect.AccessibleObject.checkCanSetAccessible(AccessibleObject.java:297)
	at java.base/java.lang.reflect.Field.checkCanSetAccessible(Field.java:178)
	at java.base/java.lang.reflect.Field.setAccessible(Field.java:172)
	at org.assertj.swing.dependency.fest_reflect.util.Accessibles$SetAccessibleAction.run(Accessibles.java:70)
	at org.assertj.swing.dependency.fest_reflect.util.Accessibles$SetAccessibleAction.run(Accessibles.java:60)
	at java.base/java.security.AccessController.doPrivileged(AccessController.java:318)
	at org.assertj.swing.dependency.fest_reflect.util.Accessibles.setAccessible(Accessibles.java:57)
	at org.assertj.swing.dependency.fest_reflect.util.Accessibles.makeAccessible(Accessibles.java:46)
	at org.assertj.swing.dependency.fest_reflect.field.Invoker.verifyCorrectType(Invoker.java:98)
	at org.assertj.swing.dependency.fest_reflect.field.Invoker.createInvoker(Invoker.java:74)
	at org.assertj.swing.dependency.fest_reflect.field.Invoker.newInvoker(Invoker.java:68)
	at org.assertj.swing.dependency.fest_reflect.field.FieldType.in(FieldType.java:74)
	at org.assertj.swing.monitor.ProtectingTimerTask.isCanceled(ProtectingTimerTask.java:54)
	at org.assertj.swing.monitor.ProtectingTimerTask.run(ProtectingTimerTask.java:41)
	at java.base/java.util.TimerThread.mainLoop(Timer.java:566)
	at java.base/java.util.TimerThread.run(Timer.java:516)

Dec 01, 2024 11:10:38 PM org.assertj.swing.monitor.ProtectingTimerTask handleException
WARNING: Exception thrown by a TimerTask
java.lang.reflect.InaccessibleObjectException: Unable to make field int java.util.TimerTask.state accessible: module java.base does not "opens java.util" to unnamed module @7cec9f40
	at java.base/java.lang.reflect.AccessibleObject.checkCanSetAccessible(AccessibleObject.java:354)
	at java.base/java.lang.reflect.AccessibleObject.checkCanSetAccessible(AccessibleObject.java:297)
	at java.base/java.lang.reflect.Field.checkCanSetAccessible(Field.java:178)
	at java.base/java.lang.reflect.Field.setAccessible(Field.java:172)
	at org.assertj.swing.dependency.fest_reflect.util.Accessibles$SetAccessibleAction.run(Accessibles.java:70)
	at org.assertj.swing.dependency.fest_reflect.util.Accessibles$SetAccessibleAction.run(Accessibles.java:60)
	at java.base/java.security.AccessController.doPrivileged(AccessController.java:318)
	at org.assertj.swing.dependency.fest_reflect.util.Accessibles.setAccessible(Accessibles.java:57)
	at org.assertj.swing.dependency.fest_reflect.util.Accessibles.makeAccessible(Accessibles.java:46)
	at org.assertj.swing.dependency.fest_reflect.field.Invoker.verifyCorrectType(Invoker.java:98)
	at org.assertj.swing.dependency.fest_reflect.field.Invoker.createInvoker(Invoker.java:74)
	at org.assertj.swing.dependency.fest_reflect.field.Invoker.newInvoker(Invoker.java:68)
	at org.assertj.swing.dependency.fest_reflect.field.FieldType.in(FieldType.java:74)
	at org.assertj.swing.monitor.ProtectingTimerTask.isCanceled(ProtectingTimerTask.java:54)
	at org.assertj.swing.monitor.ProtectingTimerTask.run(ProtectingTimerTask.java:41)
	at java.base/java.util.TimerThread.mainLoop(Timer.java:566)
	at java.base/java.util.TimerThread.run(Timer.java:516)

Dec 01, 2024 11:10:39 PM org.assertj.swing.monitor.ProtectingTimerTask handleException
WARNING: Exception thrown by a TimerTask
java.lang.reflect.InaccessibleObjectException: Unable to make field int java.util.TimerTask.state accessible: module java.base does not "opens java.util" to unnamed module @7cec9f40
	at java.base/java.lang.reflect.AccessibleObject.checkCanSetAccessible(AccessibleObject.java:354)
	at java.base/java.lang.reflect.AccessibleObject.checkCanSetAccessible(AccessibleObject.java:297)
	at java.base/java.lang.reflect.Field.checkCanSetAccessible(Field.java:178)
	at java.base/java.lang.reflect.Field.setAccessible(Field.java:172)
	at org.assertj.swing.dependency.fest_reflect.util.Accessibles$SetAccessibleAction.run(Accessibles.java:70)
	at org.assertj.swing.dependency.fest_reflect.util.Accessibles$SetAccessibleAction.run(Accessibles.java:60)
	at java.base/java.security.AccessController.doPrivileged(AccessController.java:318)
	at org.assertj.swing.dependency.fest_reflect.util.Accessibles.setAccessible(Accessibles.java:57)
	at org.assertj.swing.dependency.fest_reflect.util.Accessibles.makeAccessible(Accessibles.java:46)
	at org.assertj.swing.dependency.fest_reflect.field.Invoker.verifyCorrectType(Invoker.java:98)
	at org.assertj.swing.dependency.fest_reflect.field.Invoker.createInvoker(Invoker.java:74)
	at org.assertj.swing.dependency.fest_reflect.field.Invoker.newInvoker(Invoker.java:68)
	at org.assertj.swing.dependency.fest_reflect.field.FieldType.in(FieldType.java:74)
	at org.assertj.swing.monitor.ProtectingTimerTask.isCanceled(ProtectingTimerTask.java:54)
	at org.assertj.swing.monitor.ProtectingTimerTask.run(ProtectingTimerTask.java:41)
	at java.base/java.util.TimerThread.mainLoop(Timer.java:566)
	at java.base/java.util.TimerThread.run(Timer.java:516)

Dec 01, 2024 11:10:39 PM org.assertj.swing.monitor.ProtectingTimerTask handleException
WARNING: Exception thrown by a TimerTask
java.lang.reflect.InaccessibleObjectException: Unable to make field int java.util.TimerTask.state accessible: module java.base does not "opens java.util" to unnamed module @7cec9f40
	at java.base/java.lang.reflect.AccessibleObject.checkCanSetAccessible(AccessibleObject.java:354)
	at java.base/java.lang.reflect.AccessibleObject.checkCanSetAccessible(AccessibleObject.java:297)
	at java.base/java.lang.reflect.Field.checkCanSetAccessible(Field.java:178)
	at java.base/java.lang.reflect.Field.setAccessible(Field.java:172)
	at org.assertj.swing.dependency.fest_reflect.util.Accessibles$SetAccessibleAction.run(Accessibles.java:70)
	at org.assertj.swing.dependency.fest_reflect.util.Accessibles$SetAccessibleAction.run(Accessibles.java:60)
	at java.base/java.security.AccessController.doPrivileged(AccessController.java:318)
	at org.assertj.swing.dependency.fest_reflect.util.Accessibles.setAccessible(Accessibles.java:57)
	at org.assertj.swing.dependency.fest_reflect.util.Accessibles.makeAccessible(Accessibles.java:46)
	at org.assertj.swing.dependency.fest_reflect.field.Invoker.verifyCorrectType(Invoker.java:98)
	at org.assertj.swing.dependency.fest_reflect.field.Invoker.createInvoker(Invoker.java:74)
	at org.assertj.swing.dependency.fest_reflect.field.Invoker.newInvoker(Invoker.java:68)
	at org.assertj.swing.dependency.fest_reflect.field.FieldType.in(FieldType.java:74)
	at org.assertj.swing.monitor.ProtectingTimerTask.isCanceled(ProtectingTimerTask.java:54)
	at org.assertj.swing.monitor.ProtectingTimerTask.run(ProtectingTimerTask.java:41)
	at java.base/java.util.TimerThread.mainLoop(Timer.java:566)
	at java.base/java.util.TimerThread.run(Timer.java:516)

Dec 01, 2024 11:10:39 PM org.assertj.swing.monitor.ProtectingTimerTask handleException
WARNING: Exception thrown by a TimerTask
java.lang.reflect.InaccessibleObjectException: Unable to make field int java.util.TimerTask.state accessible: module java.base does not "opens java.util" to unnamed module @7cec9f40
	at java.base/java.lang.reflect.AccessibleObject.checkCanSetAccessible(AccessibleObject.java:354)
	at java.base/java.lang.reflect.AccessibleObject.checkCanSetAccessible(AccessibleObject.java:297)
	at java.base/java.lang.reflect.Field.checkCanSetAccessible(Field.java:178)
	at java.base/java.lang.reflect.Field.setAccessible(Field.java:172)
	at org.assertj.swing.dependency.fest_reflect.util.Accessibles$SetAccessibleAction.run(Accessibles.java:70)
	at org.assertj.swing.dependency.fest_reflect.util.Accessibles$SetAccessibleAction.run(Accessibles.java:60)
	at java.base/java.security.AccessController.doPrivileged(AccessController.java:318)
	at org.assertj.swing.dependency.fest_reflect.util.Accessibles.setAccessible(Accessibles.java:57)
	at org.assertj.swing.dependency.fest_reflect.util.Accessibles.makeAccessible(Accessibles.java:46)
	at org.assertj.swing.dependency.fest_reflect.field.Invoker.verifyCorrectType(Invoker.java:98)
	at org.assertj.swing.dependency.fest_reflect.field.Invoker.createInvoker(Invoker.java:74)
	at org.assertj.swing.dependency.fest_reflect.field.Invoker.newInvoker(Invoker.java:68)
	at org.assertj.swing.dependency.fest_reflect.field.FieldType.in(FieldType.java:74)
	at org.assertj.swing.monitor.ProtectingTimerTask.isCanceled(ProtectingTimerTask.java:54)
	at org.assertj.swing.monitor.ProtectingTimerTask.run(ProtectingTimerTask.java:41)
	at java.base/java.util.TimerThread.mainLoop(Timer.java:566)
	at java.base/java.util.TimerThread.run(Timer.java:516)

Dec 01, 2024 11:10:39 PM org.assertj.swing.monitor.ProtectingTimerTask handleException
WARNING: Exception thrown by a TimerTask
java.lang.reflect.InaccessibleObjectException: Unable to make field int java.util.TimerTask.state accessible: module java.base does not "opens java.util" to unnamed module @7cec9f40
	at java.base/java.lang.reflect.AccessibleObject.checkCanSetAccessible(AccessibleObject.java:354)
	at java.base/java.lang.reflect.AccessibleObject.checkCanSetAccessible(AccessibleObject.java:297)
	at java.base/java.lang.reflect.Field.checkCanSetAccessible(Field.java:178)
	at java.base/java.lang.reflect.Field.setAccessible(Field.java:172)
	at org.assertj.swing.dependency.fest_reflect.util.Accessibles$SetAccessibleAction.run(Accessibles.java:70)
	at org.assertj.swing.dependency.fest_reflect.util.Accessibles$SetAccessibleAction.run(Accessibles.java:60)
	at java.base/java.security.AccessController.doPrivileged(AccessController.java:318)
	at org.assertj.swing.dependency.fest_reflect.util.Accessibles.setAccessible(Accessibles.java:57)
	at org.assertj.swing.dependency.fest_reflect.util.Accessibles.makeAccessible(Accessibles.java:46)
	at org.assertj.swing.dependency.fest_reflect.field.Invoker.verifyCorrectType(Invoker.java:98)
	at org.assertj.swing.dependency.fest_reflect.field.Invoker.createInvoker(Invoker.java:74)
	at org.assertj.swing.dependency.fest_reflect.field.Invoker.newInvoker(Invoker.java:68)
	at org.assertj.swing.dependency.fest_reflect.field.FieldType.in(FieldType.java:74)
	at org.assertj.swing.monitor.ProtectingTimerTask.isCanceled(ProtectingTimerTask.java:54)
	at org.assertj.swing.monitor.ProtectingTimerTask.run(ProtectingTimerTask.java:41)
	at java.base/java.util.TimerThread.mainLoop(Timer.java:566)
	at java.base/java.util.TimerThread.run(Timer.java:516)

Dec 01, 2024 11:10:39 PM org.assertj.swing.monitor.ProtectingTimerTask handleException
WARNING: Exception thrown by a TimerTask
java.lang.reflect.InaccessibleObjectException: Unable to make field int java.util.TimerTask.state accessible: module java.base does not "opens java.util" to unnamed module @7cec9f40
	at java.base/java.lang.reflect.AccessibleObject.checkCanSetAccessible(AccessibleObject.java:354)
	at java.base/java.lang.reflect.AccessibleObject.checkCanSetAccessible(AccessibleObject.java:297)
	at java.base/java.lang.reflect.Field.checkCanSetAccessible(Field.java:178)
	at java.base/java.lang.reflect.Field.setAccessible(Field.java:172)
	at org.assertj.swing.dependency.fest_reflect.util.Accessibles$SetAccessibleAction.run(Accessibles.java:70)
	at org.assertj.swing.dependency.fest_reflect.util.Accessibles$SetAccessibleAction.run(Accessibles.java:60)
	at java.base/java.security.AccessController.doPrivileged(AccessController.java:318)
	at org.assertj.swing.dependency.fest_reflect.util.Accessibles.setAccessible(Accessibles.java:57)
	at org.assertj.swing.dependency.fest_reflect.util.Accessibles.makeAccessible(Accessibles.java:46)
	at org.assertj.swing.dependency.fest_reflect.field.Invoker.verifyCorrectType(Invoker.java:98)
	at org.assertj.swing.dependency.fest_reflect.field.Invoker.createInvoker(Invoker.java:74)
	at org.assertj.swing.dependency.fest_reflect.field.Invoker.newInvoker(Invoker.java:68)
	at org.assertj.swing.dependency.fest_reflect.field.FieldType.in(FieldType.java:74)
	at org.assertj.swing.monitor.ProtectingTimerTask.isCanceled(ProtectingTimerTask.java:54)
	at org.assertj.swing.monitor.ProtectingTimerTask.run(ProtectingTimerTask.java:41)
	at java.base/java.util.TimerThread.mainLoop(Timer.java:566)
	at java.base/java.util.TimerThread.run(Timer.java:516)

Dec 01, 2024 11:10:39 PM org.assertj.swing.monitor.ProtectingTimerTask handleException
WARNING: Exception thrown by a TimerTask
java.lang.reflect.InaccessibleObjectException: Unable to make field int java.util.TimerTask.state accessible: module java.base does not "opens java.util" to unnamed module @7cec9f40
	at java.base/java.lang.reflect.AccessibleObject.checkCanSetAccessible(AccessibleObject.java:354)
	at java.base/java.lang.reflect.AccessibleObject.checkCanSetAccessible(AccessibleObject.java:297)
	at java.base/java.lang.reflect.Field.checkCanSetAccessible(Field.java:178)
	at java.base/java.lang.reflect.Field.setAccessible(Field.java:172)
	at org.assertj.swing.dependency.fest_reflect.util.Accessibles$SetAccessibleAction.run(Accessibles.java:70)
	at org.assertj.swing.dependency.fest_reflect.util.Accessibles$SetAccessibleAction.run(Accessibles.java:60)
	at java.base/java.security.AccessController.doPrivileged(AccessController.java:318)
	at org.assertj.swing.dependency.fest_reflect.util.Accessibles.setAccessible(Accessibles.java:57)
	at org.assertj.swing.dependency.fest_reflect.util.Accessibles.makeAccessible(Accessibles.java:46)
	at org.assertj.swing.dependency.fest_reflect.field.Invoker.verifyCorrectType(Invoker.java:98)
	at org.assertj.swing.dependency.fest_reflect.field.Invoker.createInvoker(Invoker.java:74)
	at org.assertj.swing.dependency.fest_reflect.field.Invoker.newInvoker(Invoker.java:68)
	at org.assertj.swing.dependency.fest_reflect.field.FieldType.in(FieldType.java:74)
	at org.assertj.swing.monitor.ProtectingTimerTask.isCanceled(ProtectingTimerTask.java:54)
	at org.assertj.swing.monitor.ProtectingTimerTask.run(ProtectingTimerTask.java:41)
	at java.base/java.util.TimerThread.mainLoop(Timer.java:566)
	at java.base/java.util.TimerThread.run(Timer.java:516)

Dec 01, 2024 11:10:39 PM org.assertj.swing.monitor.ProtectingTimerTask handleException
WARNING: Exception thrown by a TimerTask
java.lang.reflect.InaccessibleObjectException: Unable to make field int java.util.TimerTask.state accessible: module java.base does not "opens java.util" to unnamed module @7cec9f40
	at java.base/java.lang.reflect.AccessibleObject.checkCanSetAccessible(AccessibleObject.java:354)
	at java.base/java.lang.reflect.AccessibleObject.checkCanSetAccessible(AccessibleObject.java:297)
	at java.base/java.lang.reflect.Field.checkCanSetAccessible(Field.java:178)
	at java.base/java.lang.reflect.Field.setAccessible(Field.java:172)
	at org.assertj.swing.dependency.fest_reflect.util.Accessibles$SetAccessibleAction.run(Accessibles.java:70)
	at org.assertj.swing.dependency.fest_reflect.util.Accessibles$SetAccessibleAction.run(Accessibles.java:60)
	at java.base/java.security.AccessController.doPrivileged(AccessController.java:318)
	at org.assertj.swing.dependency.fest_reflect.util.Accessibles.setAccessible(Accessibles.java:57)
	at org.assertj.swing.dependency.fest_reflect.util.Accessibles.makeAccessible(Accessibles.java:46)
	at org.assertj.swing.dependency.fest_reflect.field.Invoker.verifyCorrectType(Invoker.java:98)
	at org.assertj.swing.dependency.fest_reflect.field.Invoker.createInvoker(Invoker.java:74)
	at org.assertj.swing.dependency.fest_reflect.field.Invoker.newInvoker(Invoker.java:68)
	at org.assertj.swing.dependency.fest_reflect.field.FieldType.in(FieldType.java:74)
	at org.assertj.swing.monitor.ProtectingTimerTask.isCanceled(ProtectingTimerTask.java:54)
	at org.assertj.swing.monitor.ProtectingTimerTask.run(ProtectingTimerTask.java:41)
	at java.base/java.util.TimerThread.mainLoop(Timer.java:566)
	at java.base/java.util.TimerThread.run(Timer.java:516)

Dec 01, 2024 11:10:39 PM org.assertj.swing.monitor.ProtectingTimerTask handleException
WARNING: Exception thrown by a TimerTask
java.lang.reflect.InaccessibleObjectException: Unable to make field int java.util.TimerTask.state accessible: module java.base does not "opens java.util" to unnamed module @7cec9f40
	at java.base/java.lang.reflect.AccessibleObject.checkCanSetAccessible(AccessibleObject.java:354)
	at java.base/java.lang.reflect.AccessibleObject.checkCanSetAccessible(AccessibleObject.java:297)
	at java.base/java.lang.reflect.Field.checkCanSetAccessible(Field.java:178)
	at java.base/java.lang.reflect.Field.setAccessible(Field.java:172)
	at org.assertj.swing.dependency.fest_reflect.util.Accessibles$SetAccessibleAction.run(Accessibles.java:70)
	at org.assertj.swing.dependency.fest_reflect.util.Accessibles$SetAccessibleAction.run(Accessibles.java:60)
	at java.base/java.security.AccessController.doPrivileged(AccessController.java:318)
	at org.assertj.swing.dependency.fest_reflect.util.Accessibles.setAccessible(Accessibles.java:57)
	at org.assertj.swing.dependency.fest_reflect.util.Accessibles.makeAccessible(Accessibles.java:46)
	at org.assertj.swing.dependency.fest_reflect.field.Invoker.verifyCorrectType(Invoker.java:98)
	at org.assertj.swing.dependency.fest_reflect.field.Invoker.createInvoker(Invoker.java:74)
	at org.assertj.swing.dependency.fest_reflect.field.Invoker.newInvoker(Invoker.java:68)
	at org.assertj.swing.dependency.fest_reflect.field.FieldType.in(FieldType.java:74)
	at org.assertj.swing.monitor.ProtectingTimerTask.isCanceled(ProtectingTimerTask.java:54)
	at org.assertj.swing.monitor.ProtectingTimerTask.run(ProtectingTimerTask.java:41)
	at java.base/java.util.TimerThread.mainLoop(Timer.java:566)
	at java.base/java.util.TimerThread.run(Timer.java:516)

Dec 01, 2024 11:10:39 PM org.assertj.swing.monitor.ProtectingTimerTask handleException
WARNING: Exception thrown by a TimerTask
java.lang.reflect.InaccessibleObjectException: Unable to make field int java.util.TimerTask.state accessible: module java.base does not "opens java.util" to unnamed module @7cec9f40
	at java.base/java.lang.reflect.AccessibleObject.checkCanSetAccessible(AccessibleObject.java:354)
	at java.base/java.lang.reflect.AccessibleObject.checkCanSetAccessible(AccessibleObject.java:297)
	at java.base/java.lang.reflect.Field.checkCanSetAccessible(Field.java:178)
	at java.base/java.lang.reflect.Field.setAccessible(Field.java:172)
	at org.assertj.swing.dependency.fest_reflect.util.Accessibles$SetAccessibleAction.run(Accessibles.java:70)
	at org.assertj.swing.dependency.fest_reflect.util.Accessibles$SetAccessibleAction.run(Accessibles.java:60)
	at java.base/java.security.AccessController.doPrivileged(AccessController.java:318)
	at org.assertj.swing.dependency.fest_reflect.util.Accessibles.setAccessible(Accessibles.java:57)
	at org.assertj.swing.dependency.fest_reflect.util.Accessibles.makeAccessible(Accessibles.java:46)
	at org.assertj.swing.dependency.fest_reflect.field.Invoker.verifyCorrectType(Invoker.java:98)
	at org.assertj.swing.dependency.fest_reflect.field.Invoker.createInvoker(Invoker.java:74)
	at org.assertj.swing.dependency.fest_reflect.field.Invoker.newInvoker(Invoker.java:68)
	at org.assertj.swing.dependency.fest_reflect.field.FieldType.in(FieldType.java:74)
	at org.assertj.swing.monitor.ProtectingTimerTask.isCanceled(ProtectingTimerTask.java:54)
	at org.assertj.swing.monitor.ProtectingTimerTask.run(ProtectingTimerTask.java:41)
	at java.base/java.util.TimerThread.mainLoop(Timer.java:566)
	at java.base/java.util.TimerThread.run(Timer.java:516)

Dec 01, 2024 11:10:49 PM org.assertj.swing.monitor.ProtectingTimerTask handleException
WARNING: Exception thrown by a TimerTask
java.lang.reflect.InaccessibleObjectException: Unable to make field int java.util.TimerTask.state accessible: module java.base does not "opens java.util" to unnamed module @7cec9f40
	at java.base/java.lang.reflect.AccessibleObject.checkCanSetAccessible(AccessibleObject.java:354)
	at java.base/java.lang.reflect.AccessibleObject.checkCanSetAccessible(AccessibleObject.java:297)
	at java.base/java.lang.reflect.Field.checkCanSetAccessible(Field.java:178)
	at java.base/java.lang.reflect.Field.setAccessible(Field.java:172)
	at org.assertj.swing.dependency.fest_reflect.util.Accessibles$SetAccessibleAction.run(Accessibles.java:70)
	at org.assertj.swing.dependency.fest_reflect.util.Accessibles$SetAccessibleAction.run(Accessibles.java:60)
	at java.base/java.security.AccessController.doPrivileged(AccessController.java:318)
	at org.assertj.swing.dependency.fest_reflect.util.Accessibles.setAccessible(Accessibles.java:57)
	at org.assertj.swing.dependency.fest_reflect.util.Accessibles.makeAccessible(Accessibles.java:46)
	at org.assertj.swing.dependency.fest_reflect.field.Invoker.verifyCorrectType(Invoker.java:98)
	at org.assertj.swing.dependency.fest_reflect.field.Invoker.createInvoker(Invoker.java:74)
	at org.assertj.swing.dependency.fest_reflect.field.Invoker.newInvoker(Invoker.java:68)
	at org.assertj.swing.dependency.fest_reflect.field.FieldType.in(FieldType.java:74)
	at org.assertj.swing.monitor.ProtectingTimerTask.isCanceled(ProtectingTimerTask.java:54)
	at org.assertj.swing.monitor.ProtectingTimerTask.run(ProtectingTimerTask.java:41)
	at java.base/java.util.TimerThread.mainLoop(Timer.java:566)
	at java.base/java.util.TimerThread.run(Timer.java:516)


Process finished with exit code 0
